Component: ARM Compiler 5.06 update 6 (build 750) Tool: armlink [4d35ed]

==============================================================================

Section Cross References

    startup_stm32f407xx.o(RESET) refers to startup_stm32f407xx.o(STACK) for __initial_sp
    startup_stm32f407xx.o(RESET) refers to startup_stm32f407xx.o(.text) for Reset_Handler
    startup_stm32f407xx.o(RESET) refers to stm32f4xx_it.o(i.NMI_Handler) for NMI_Handler
    startup_stm32f407xx.o(RESET) refers to stm32f4xx_it.o(i.HardFault_Handler) for HardFault_Handler
    startup_stm32f407xx.o(RESET) refers to stm32f4xx_it.o(i.MemManage_Handler) for MemManage_Handler
    startup_stm32f407xx.o(RESET) refers to stm32f4xx_it.o(i.BusFault_Handler) for BusFault_Handler
    startup_stm32f407xx.o(RESET) refers to stm32f4xx_it.o(i.UsageFault_Handler) for UsageFault_Handler
    startup_stm32f407xx.o(RESET) refers to stm32f4xx_it.o(i.SVC_Handler) for SVC_Handler
    startup_stm32f407xx.o(RESET) refers to stm32f4xx_it.o(i.DebugMon_Handler) for DebugMon_Handler
    startup_stm32f407xx.o(RESET) refers to stm32f4xx_it.o(i.PendSV_Handler) for PendSV_Handler
    startup_stm32f407xx.o(RESET) refers to stm32f4xx_it.o(i.SysTick_Handler) for SysTick_Handler
    startup_stm32f407xx.o(RESET) refers to stm32f4xx_it.o(i.EXTI0_IRQHandler) for EXTI0_IRQHandler
    startup_stm32f407xx.o(RESET) refers to stm32f4xx_it.o(i.EXTI1_IRQHandler) for EXTI1_IRQHandler
    startup_stm32f407xx.o(RESET) refers to stm32f4xx_it.o(i.EXTI2_IRQHandler) for EXTI2_IRQHandler
    startup_stm32f407xx.o(RESET) refers to stm32f4xx_it.o(i.EXTI3_IRQHandler) for EXTI3_IRQHandler
    startup_stm32f407xx.o(RESET) refers to stm32f4xx_it.o(i.EXTI4_IRQHandler) for EXTI4_IRQHandler
    startup_stm32f407xx.o(RESET) refers to stm32f4xx_it.o(i.EXTI9_5_IRQHandler) for EXTI9_5_IRQHandler
    startup_stm32f407xx.o(RESET) refers to stm32f4xx_it.o(i.TIM3_IRQHandler) for TIM3_IRQHandler
    startup_stm32f407xx.o(RESET) refers to stm32f4xx_it.o(i.EXTI15_10_IRQHandler) for EXTI15_10_IRQHandler
    startup_stm32f407xx.o(.text) refers to system_stm32f4xx.o(i.SystemInit) for SystemInit
    startup_stm32f407xx.o(.text) refers to entry.o(.ARM.Collect$$$$00000000) for __main
    mecanum.o(i.backLineWalking) refers to mecanum.o(i.getFrontLine) for getFrontLine
    mecanum.o(i.backLineWalking) refers to mecanum.o(i.frontTurnBigLeft) for frontTurnBigLeft
    mecanum.o(i.backLineWalking) refers to mecanum.o(i.frontTurnLeft) for frontTurnLeft
    mecanum.o(i.backLineWalking) refers to mecanum.o(i.frontTurnRight) for frontTurnRight
    mecanum.o(i.backLineWalking) refers to mecanum.o(i.backward) for backward
    mecanum.o(i.backLineWalking) refers to mecanum.o(i.getBehindLine) for getBehindLine
    mecanum.o(i.backLineWalking) refers to mecanum.o(i.frontTurnBigRight) for frontTurnBigRight
    mecanum.o(i.backLineWalking) refers to mecanum.o(i.tailTurnRight) for tailTurnRight
    mecanum.o(i.backLineWalking) refers to mecanum.o(i.tailTurnBigLeft) for tailTurnBigLeft
    mecanum.o(i.backLineWalking) refers to mecanum.o(i.tailTurnBigRight) for tailTurnBigRight
    mecanum.o(i.backLineWalking) refers to mecanum.o(i.tailTurnLeft) for tailTurnLeft
    mecanum.o(i.backward) refers to mecanum.o(i.transmit) for transmit
    mecanum.o(i.clearValue) refers to main.o(.data) for for_x1_val
    mecanum.o(i.clockwiseRotation) refers to mecanum.o(i.transmit) for transmit
    mecanum.o(i.counterclockwiseRotation) refers to mecanum.o(i.transmit) for transmit
    mecanum.o(i.forward) refers to mecanum.o(i.transmit) for transmit
    mecanum.o(i.frontTurnBigLeft) refers to mecanum.o(i.transmit) for transmit
    mecanum.o(i.frontTurnBigRight) refers to mecanum.o(i.transmit) for transmit
    mecanum.o(i.frontTurnLeft) refers to mecanum.o(i.transmit) for transmit
    mecanum.o(i.frontTurnRight) refers to mecanum.o(i.transmit) for transmit
    mecanum.o(i.getBehindLine) refers to stm32f4xx_hal_gpio.o(i.HAL_GPIO_ReadPin) for HAL_GPIO_ReadPin
    mecanum.o(i.getFrontLine) refers to stm32f4xx_hal_gpio.o(i.HAL_GPIO_ReadPin) for HAL_GPIO_ReadPin
    mecanum.o(i.getLeftLine) refers to stm32f4xx_hal_gpio.o(i.HAL_GPIO_ReadPin) for HAL_GPIO_ReadPin
    mecanum.o(i.getRightLine) refers to stm32f4xx_hal_gpio.o(i.HAL_GPIO_ReadPin) for HAL_GPIO_ReadPin
    mecanum.o(i.leftward) refers to mecanum.o(i.transmit) for transmit
    mecanum.o(i.leftwardLineWalking) refers to mecanum.o(i.getLeftLine) for getLeftLine
    mecanum.o(i.leftwardLineWalking) refers to mecanum.o(i.turnAroundTopRightBigCorner) for turnAroundTopRightBigCorner
    mecanum.o(i.leftwardLineWalking) refers to mecanum.o(i.turnAroundTopRightCorner) for turnAroundTopRightCorner
    mecanum.o(i.leftwardLineWalking) refers to mecanum.o(i.turnAroundLowerRightCorner) for turnAroundLowerRightCorner
    mecanum.o(i.leftwardLineWalking) refers to mecanum.o(i.leftward) for leftward
    mecanum.o(i.leftwardLineWalking) refers to mecanum.o(i.getRightLine) for getRightLine
[...]
    Removing stm32f4xx_hal_flash_ramfunc.o(.rrx_text), (6 bytes).
    Removing stm32f4xx_hal_gpio.o(.rev16_text), (4 bytes).
    Removing stm32f4xx_hal_gpio.o(.revsh_text), (4 bytes).
    Removing stm32f4xx_hal_gpio.o(.rrx_text), (6 bytes).
    Removing stm32f4xx_hal_gpio.o(i.HAL_GPIO_DeInit), (360 bytes).
    Removing stm32f4xx_hal_gpio.o(i.HAL_GPIO_EXTI_Callback), (2 bytes).
    Removing stm32f4xx_hal_gpio.o(i.HAL_GPIO_LockPin), (34 bytes).
    Removing stm32f4xx_hal_gpio.o(i.HAL_GPIO_TogglePin), (14 bytes).
    Removing stm32f4xx_hal_gpio.o(i.HAL_GPIO_WritePin), (10 bytes).
    Removing stm32f4xx_hal_dma_ex.o(.rev16_text), (4 bytes).
    Removing stm32f4xx_hal_dma_ex.o(.revsh_text), (4 bytes).
    Removing stm32f4xx_hal_dma_ex.o(.rrx_text), (6 bytes).
    Removing stm32f4xx_hal_dma_ex.o(i.DMA_MultiBufferSetConfig), (30 bytes).
    Removing stm32f4xx_hal_dma_ex.o(i.HAL_DMAEx_ChangeMemory), (14 bytes).
    Removing stm32f4xx_hal_dma_ex.o(i.HAL_DMAEx_MultiBufferStart), (100 bytes).
    Removing stm32f4xx_hal_dma_ex.o(i.HAL_DMAEx_MultiBufferStart_IT), (2432 bytes).
    Removing stm32f4xx_hal_dma.o(.rev16_text), (4 bytes).
    Removing stm32f4xx_hal_dma.o(.revsh_text), (4 bytes).
    Removing stm32f4xx_hal_dma.o(.rrx_text), (6 bytes).
    Removing stm32f4xx_hal_dma.o(i.DMA_CalcBaseAndBitshift), (40 bytes).
    Removing stm32f4xx_hal_dma.o(i.DMA_CheckFifoParam), (84 bytes).
    Removing stm32f4xx_hal_dma.o(i.DMA_SetConfig), (40 bytes).
    Removing stm32f4xx_hal_dma.o(i.HAL_DMA_Abort), (142 bytes).
    Removing stm32f4xx_hal_dma.o(i.HAL_DMA_Abort_IT), (36 bytes).
    Removing stm32f4xx_hal_dma.o(i.HAL_DMA_DeInit), (98 bytes).
    Removing stm32f4xx_hal_dma.o(i.HAL_DMA_GetError), (4 bytes).
    Removing stm32f4xx_hal_dma.o(i.HAL_DMA_GetState), (6 bytes).
    Removing stm32f4xx_hal_dma.o(i.HAL_DMA_IRQHandler), (416 bytes).
    Removing stm32f4xx_hal_dma.o(i.HAL_DMA_Init), (212 bytes).
    Removing stm32f4xx_hal_dma.o(i.HAL_DMA_PollForTransfer), (292 bytes).
    Removing stm32f4xx_hal_dma.o(i.HAL_DMA_RegisterCallback), (80 bytes).
    Removing stm32f4xx_hal_dma.o(i.HAL_DMA_Start), (70 bytes).
    Removing stm32f4xx_hal_dma.o(i.HAL_DMA_Start_IT), (110 bytes).
    Removing stm32f4xx_hal_dma.o(i.HAL_DMA_UnRegisterCallback), (96 bytes).
    Removing stm32f4xx_hal_dma.o(.constdata), (8 bytes).
    Removing stm32f4xx_hal_pwr.o(.rev16_text), (4 bytes).
    Removing stm32f4xx_hal_pwr.o(.revsh_text), (4 bytes).
    Removing stm32f4xx_hal_pwr.o(.rrx_text), (6 bytes).
    Removing stm32f4xx_hal_pwr.o(i.HAL_PWR_ConfigPVD), (124 bytes).
    Removing stm32f4xx_hal_pwr.o(i.HAL_PWR_DeInit), (24 bytes).
    Removing stm32f4xx_hal_pwr.o(i.HAL_PWR_DisableBkUpAccess), (12 bytes).
    Removing stm32f4xx_hal_pwr.o(i.HAL_PWR_DisablePVD), (12 bytes).
    Removing stm32f4xx_hal_pwr.o(i.HAL_PWR_DisableSEVOnPend), (16 bytes).
    Removing stm32f4xx_hal_pwr.o(i.HAL_PWR_DisableSleepOnExit), (16 bytes).
    Removing stm32f4xx_hal_pwr.o(i.HAL_PWR_DisableWakeUpPin), (16 bytes).
    Removing stm32f4xx_hal_pwr.o(i.HAL_PWR_EnableBkUpAccess), (12 bytes).
    Removing stm32f4xx_hal_pwr.o(i.HAL_PWR_EnablePVD), (12 bytes).
    Removing stm32f4xx_hal_pwr.o(i.HAL_PWR_EnableSEVOnPend), (16 bytes).
    Removing stm32f4xx_hal_pwr.o(i.HAL_PWR_EnableSleepOnExit), (16 bytes).
    Removing stm32f4xx_hal_pwr.o(i.HAL_PWR_EnableWakeUpPin), (16 bytes).
    Removing stm32f4xx_hal_pwr.o(i.HAL_PWR_EnterSLEEPMode), (32 bytes).
    Removing stm32f4xx_hal_pwr.o(i.HAL_PWR_EnterSTANDBYMode), (32 bytes).
    Removing stm32f4xx_hal_pwr.o(i.HAL_PWR_EnterSTOPMode), (56 bytes).
    Removing stm32f4xx_hal_pwr.o(i.HAL_PWR_PVDCallback), (2 bytes).
    Removing stm32f4xx_hal_pwr.o(i.HAL_PWR_PVD_IRQHandler), (28 bytes).
    Removing stm32f4xx_hal_pwr_ex.o(.rev16_text), (4 bytes).
    Removing stm32f4xx_hal_pwr_ex.o(.revsh_text), (4 bytes).
    Removing stm32f4xx_hal_pwr_ex.o(.rrx_text), (6 bytes).
    Removing stm32f4xx_hal_pwr_ex.o(i.HAL_PWREx_ControlVoltageScaling), (88 bytes).
    Removing stm32f4xx_hal_pwr_ex.o(i.HAL_PWREx_DisableBkUpReg), (60 bytes).
    Removing stm32f4xx_hal_pwr_ex.o(i.HAL_PWREx_DisableFlashPowerDown), (12 bytes).
    Removing stm32f4xx_hal_pwr_ex.o(i.HAL_PWREx_EnableBkUpReg), (60 bytes).
    Removing stm32f4xx_hal_pwr_ex.o(i.HAL_PWREx_EnableFlashPowerDown), (12 bytes).
    Removing stm32f4xx_hal_pwr_ex.o(i.HAL_PWREx_GetVoltageRange), (16 bytes).
    Removing stm32f4xx_hal_cortex.o(.rev16_text), (4 bytes).
    Removing stm32f4xx_hal_cortex.o(.revsh_text), (4 bytes).
    Removing stm32f4xx_hal_cortex.o(.rrx_text), (6 bytes).
    Removing stm32f4xx_hal_cortex.o(i.HAL_MPU_ConfigRegion), (84 bytes).
    Removing stm32f4xx_hal_cortex.o(i.HAL_MPU_Disable), (28 bytes).
    Removing stm32f4xx_hal_cortex.o(i.HAL_MPU_Enable), (36 bytes).
    Removing stm32f4xx_hal_cortex.o(i.HAL_NVIC_ClearPendingIRQ), (26 bytes).
    Removing stm32f4xx_hal_cortex.o(i.HAL_NVIC_DisableIRQ), (34 bytes).
    Removing stm32f4xx_hal_cortex.o(i.HAL_NVIC_GetActive), (36 bytes).
    Removing stm32f4xx_hal_cortex.o(i.HAL_NVIC_GetPendingIRQ), (36 bytes).
    Removing stm32f4xx_hal_cortex.o(i.HAL_NVIC_GetPriority), (82 bytes).
    Removing stm32f4xx_hal_cortex.o(i.HAL_NVIC_GetPriorityGrouping), (16 bytes).
    Removing stm32f4xx_hal_cortex.o(i.HAL_NVIC_SetPendingIRQ), (26 bytes).
    Removing stm32f4xx_hal_cortex.o(i.HAL_NVIC_SystemReset), (36 bytes).
    Removing stm32f4xx_hal_cortex.o(i.HAL_SYSTICK_Callback), (2 bytes).
    Removing stm32f4xx_hal_cortex.o(i.HAL_SYSTICK_IRQHandler), (8 bytes).
    Removing stm32f4xx_hal.o(.rev16_text), (4 bytes).
    Removing stm32f4xx_hal.o(.revsh_text), (4 bytes).
    Removing stm32f4xx_hal.o(.rrx_text), (6 bytes).
    Removing stm32f4xx_hal.o(i.HAL_DBGMCU_DisableDBGSleepMode), (16 bytes).
    Removing stm32f4xx_hal.o(i.HAL_DBGMCU_DisableDBGStandbyMode), (16 bytes).
    Removing stm32f4xx_hal.o(i.HAL_DBGMCU_DisableDBGStopMode), (16 bytes).
    Removing stm32f4xx_hal.o(i.HAL_DBGMCU_EnableDBGSleepMode), (16 bytes).
    Removing stm32f4xx_hal.o(i.HAL_DBGMCU_EnableDBGStandbyMode), (16 bytes).
    Removing stm32f4xx_hal.o(i.HAL_DBGMCU_EnableDBGStopMode), (16 bytes).
    Removing stm32f4xx_hal.o(i.HAL_DeInit), (52 bytes).
    Removing stm32f4xx_hal.o(i.HAL_DisableCompensationCell), (12 bytes).
    Removing stm32f4xx_hal.o(i.HAL_EnableCompensationCell), (12 bytes).
    Removing stm32f4xx_hal.o(i.HAL_GetDEVID), (16 bytes).
    Removing stm32f4xx_hal.o(i.HAL_GetHalVersion), (8 bytes).
    Removing stm32f4xx_hal.o(i.HAL_GetREVID), (12 bytes).
    Removing stm32f4xx_hal.o(i.HAL_GetTickFreq), (12 bytes).
    Removing stm32f4xx_hal.o(i.HAL_GetTickPrio), (12 bytes).
    Removing stm32f4xx_hal.o(i.HAL_GetUIDw0), (12 bytes).
    Removing stm32f4xx_hal.o(i.HAL_GetUIDw1), (12 bytes).
    Removing stm32f4xx_hal.o(i.HAL_GetUIDw2), (12 bytes).
    Removing stm32f4xx_hal.o(i.HAL_MspDeInit), (2 bytes).
    Removing stm32f4xx_hal.o(i.HAL_MspInit), (2 bytes).
    Removing stm32f4xx_hal.o(i.HAL_ResumeTick), (14 bytes).
    Removing stm32f4xx_hal.o(i.HAL_SetTickFreq), (36 bytes).
    Removing stm32f4xx_hal.o(i.HAL_SuspendTick), (14 bytes).
    Removing stm32f4xx_hal_exti.o(.rev16_text), (4 bytes).
    Removing stm32f4xx_hal_exti.o(.revsh_text), (4 bytes).
    Removing stm32f4xx_hal_exti.o(.rrx_text), (6 bytes).
    Removing stm32f4xx_hal_exti.o(i.HAL_EXTI_ClearConfigLine), (108 bytes).
    Removing stm32f4xx_hal_exti.o(i.HAL_EXTI_ClearPending), (20 bytes).
    Removing stm32f4xx_hal_exti.o(i.HAL_EXTI_GenerateSWI), (20 bytes).
    Removing stm32f4xx_hal_exti.o(i.HAL_EXTI_GetConfigLine), (156 bytes).
    Removing stm32f4xx_hal_exti.o(i.HAL_EXTI_GetHandle), (12 bytes).
    Removing stm32f4xx_hal_exti.o(i.HAL_EXTI_GetPending), (24 bytes).
    Removing stm32f4xx_hal_exti.o(i.HAL_EXTI_IRQHandler), (36 bytes).
    Removing stm32f4xx_hal_exti.o(i.HAL_EXTI_RegisterCallback), (14 bytes).
    Removing stm32f4xx_hal_exti.o(i.HAL_EXTI_SetConfigLine), (168 bytes).
    Removing stm32f4xx_hal_uart.o(.rev16_text), (4 bytes).
    Removing stm32f4xx_hal_uart.o(.revsh_text), (4 bytes).
    Removing stm32f4xx_hal_uart.o(.rrx_text), (6 bytes).
    Removing stm32f4xx_hal_uart.o(i.HAL_HalfDuplex_EnableReceiver), (50 bytes).
    Removing stm32f4xx_hal_uart.o(i.HAL_HalfDuplex_EnableTransmitter), (50 bytes).
    Removing stm32f4xx_hal_uart.o(i.HAL_HalfDuplex_Init), (108 bytes).
    Removing stm32f4xx_hal_uart.o(i.HAL_LIN_Init), (128 bytes).
    Removing stm32f4xx_hal_uart.o(i.HAL_LIN_SendBreak), (46 bytes).
    Removing stm32f4xx_hal_uart.o(i.HAL_MultiProcessor_EnterMuteMode), (46 bytes).
    Removing stm32f4xx_hal_uart.o(i.HAL_MultiProcessor_ExitMuteMode), (46 bytes).
    Removing stm32f4xx_hal_uart.o(i.HAL_MultiProcessor_Init), (142 bytes).
    Removing stm32f4xx_hal_uart.o(i.HAL_UART_Abort), (138 bytes).
    Removing stm32f4xx_hal_uart.o(i.HAL_UART_AbortCpltCallback), (2 bytes).
    Removing stm32f4xx_hal_uart.o(i.HAL_UART_AbortReceive), (88 bytes).
    Removing stm32f4xx_hal_uart.o(i.HAL_UART_AbortReceiveCpltCallback), (2 bytes).
    Removing stm32f4xx_hal_uart.o(i.HAL_UART_AbortReceive_IT), (92 bytes).
    Removing stm32f4xx_hal_uart.o(i.HAL_UART_AbortTransmit), (78 bytes).
    Removing stm32f4xx_hal_uart.o(i.HAL_UART_AbortTransmitCpltCallback), (2 bytes).
    Removing stm32f4xx_hal_uart.o(i.HAL_UART_AbortTransmit_IT), (84 bytes).
    Removing stm32f4xx_hal_uart.o(i.HAL_UART_Abort_IT), (172 bytes).
    Removing stm32f4xx_hal_uart.o(i.HAL_UART_DMAPause), (102 bytes).
    Removing stm32f4xx_hal_uart.o(i.HAL_UART_DMAResume), (94 bytes).
    Removing stm32f4xx_hal_uart.o(i.HAL_UART_DMAStop), (88 bytes).
    Removing stm32f4xx_hal_uart.o(i.HAL_UART_DeInit), (50 bytes).
    Removing stm32f4xx_hal_uart.o(i.HAL_UART_ErrorCallback), (2 bytes).
    Removing stm32f4xx_hal_uart.o(i.HAL_UART_GetError), (4 bytes).
    Removing stm32f4xx_hal_uart.o(i.HAL_UART_GetState), (10 bytes).
    Removing stm32f4xx_hal_uart.o(i.HAL_UART_IRQHandler), (276 bytes).
    Removing stm32f4xx_hal_uart.o(i.HAL_UART_MspDeInit), (2 bytes).
    Removing stm32f4xx_hal_uart.o(i.HAL_UART_MspInit), (2 bytes).
    Removing stm32f4xx_hal_uart.o(i.HAL_UART_Receive), (190 bytes).
    Removing stm32f4xx_hal_uart.o(i.HAL_UART_Receive_DMA), (152 bytes).
    Removing stm32f4xx_hal_uart.o(i.HAL_UART_Receive_IT), (82 bytes).
    Removing stm32f4xx_hal_uart.o(i.HAL_UART_RxCpltCallback), (2 bytes).
    Removing stm32f4xx_hal_uart.o(i.HAL_UART_RxHalfCpltCallback), (2 bytes).
    Removing stm32f4xx_hal_uart.o(i.HAL_UART_Transmit_DMA), (128 bytes).
    Removing stm32f4xx_hal_uart.o(i.HAL_UART_Transmit_IT), (62 bytes).
    Removing stm32f4xx_hal_uart.o(i.HAL_UART_TxCpltCallback), (2 bytes).
    Removing stm32f4xx_hal_uart.o(i.HAL_UART_TxHalfCpltCallback), (2 bytes).
    Removing stm32f4xx_hal_uart.o(i.UART_DMAAbortOnError), (16 bytes).
    Removing stm32f4xx_hal_uart.o(i.UART_DMAError), (74 bytes).
    Removing stm32f4xx_hal_uart.o(i.UART_DMAReceiveCplt), (60 bytes).
    Removing stm32f4xx_hal_uart.o(i.UART_DMARxAbortCallback), (42 bytes).
    Removing stm32f4xx_hal_uart.o(i.UART_DMARxHalfCplt), (10 bytes).
    Removing stm32f4xx_hal_uart.o(i.UART_DMARxOnlyAbortCallback), (20 bytes).
    Removing stm32f4xx_hal_uart.o(i.UART_DMATransmitCplt), (46 bytes).
    Removing stm32f4xx_hal_uart.o(i.UART_DMATxAbortCallback), (42 bytes).
    Removing stm32f4xx_hal_uart.o(i.UART_DMATxHalfCplt), (10 bytes).
    Removing stm32f4xx_hal_uart.o(i.UART_DMATxOnlyAbortCallback), (20 bytes).
    Removing stm32f4xx_hal_uart.o(i.UART_EndRxTransfer), (28 bytes).
    Removing stm32f4xx_hal_uart.o(i.UART_EndTxTransfer), (18 bytes).
    Removing stm32f4xx_hal_uart.o(i.UART_Receive_IT), (150 bytes).
    Removing stm32f4xx_hal_uart.o(i.UART_Transmit_IT), (98 bytes).
    Removing system_stm32f4xx.o(.rev16_text), (4 bytes).
    Removing system_stm32f4xx.o(.revsh_text), (4 bytes).
    Removing system_stm32f4xx.o(.rrx_text), (6 bytes).
    Removing system_stm32f4xx.o(i.SystemCoreClockUpdate), (120 bytes).
    Removing dfixul.o(.text), (48 bytes).
    Removing cdrcmple.o(.text), (48 bytes).

414 unused section(s) (total 25568 bytes) removed from the image.

==============================================================================

Image Symbol Table

    Local Symbols

    Symbol Name                              Value     Ov Type        Size  Object(Section)

    ../Core/Src/gpio.c                       0x00000000   Number         0  gpio.o ABSOLUTE
    ../Core/Src/main.c                       0x00000000   Number         0  main.o ABSOLUTE
    ../Core/Src/stm32f4xx_hal_msp.c          0x00000000   Number         0  stm32f4xx_hal_msp.o ABSOLUTE
    ../Core/Src/stm32f4xx_it.c               0x00000000   Number         0  stm32f4xx_it.o ABSOLUTE
    ../Core/Src/system_stm32f4xx.c           0x00000000   Number         0  system_stm32f4xx.o ABSOLUTE
    ../Core/Src/tim.c                        0x00000000   Number         0  tim.o ABSOLUTE
    ../Core/Src/usart.c                      0x00000000   Number         0  usart.o ABSOLUTE
    ../Drivers/STM32F4xx_HAL_Driver/Src/stm32f4xx_hal.c 0x00000000   Number         0  stm32f4xx_hal.o ABSOLUTE
    ../Drivers/STM32F4xx_HAL_Driver/Src/stm32f4xx_hal_cortex.c 0x00000000   Number         0  stm32f4xx_hal_cortex.o ABSOLUTE
    ../Drivers/STM32F4xx_HAL_Driver/Src/stm32f4xx_hal_dma.c 0x00000000   Number         0  stm32f4xx_hal_dma.o ABSOLUTE
    ../Drivers/STM32F4xx_HAL_Driver/Src/stm32f4xx_hal_dma_ex.c 0x00000000   Number         0  stm32f4xx_hal_dma_ex.o ABSOLUTE
    ../Drivers/STM32F4xx_HAL_Driver/Src/stm32f4xx_hal_exti.c 0x00000000   Number         0  stm32f4xx_hal_exti.o ABSOLUTE
    ../Drivers/STM32F4xx_HAL_Driver/Src/stm32f4xx_hal_flash.c 0x00000000   Number         0  stm32f4xx_hal_flash.o ABSOLUTE
    ../Drivers/STM32F4xx_HAL_Driver/Src/stm32f4xx_hal_flash_ex.c 0x00000000   Number         0  stm32f4xx_hal_flash_ex.o ABSOLUTE
    ../Drivers/STM32F4xx_HAL_Driver/Src/stm32f4xx_hal_flash_ramfunc.c 0x00000000   Number         0  stm32f4xx_hal_flash_ramfunc.o ABSOLUTE
    ../Drivers/STM32F4xx_HAL_Driver/Src/stm32f4xx_hal_gpio.c 0x00000000   Number         0  stm32f4xx_hal_gpio.o ABSOLUTE
    ../Drivers/STM32F4xx_HAL_Driver/Src/stm32f4xx_hal_pwr.c 0x00000000   Number         0  stm32f4xx_hal_pwr.o ABSOLUTE
    ../Drivers/STM32F4xx_HAL_Driver/Src/stm32f4xx_hal_pwr_ex.c 0x00000000   Number         0  stm32f4xx_hal_pwr_ex.o ABSOLUTE
    ../Drivers/STM32F4xx_HAL_Driver/Src/stm32f4xx_hal_rcc.c 0x00000000   Number         0  stm32f4xx_hal_rcc.o ABSOLUTE
    ../Drivers/STM32F4xx_HAL_Driver/Src/stm32f4xx_hal_rcc_ex.c 0x00000000   Number         0  stm32f4xx_hal_rcc_ex.o ABSOLUTE
    ../Drivers/STM32F4xx_HAL_Driver/Src/stm32f4xx_hal_tim.c 0x00000000   Number         0  stm32f4xx_hal_tim.o ABSOLUTE
    ../Drivers/STM32F4xx_HAL_Driver/Src/stm32f4xx_hal_tim_ex.c 0x00000000   Number         0  stm32f4xx_hal_tim_ex.o ABSOLUTE
    ../Drivers/STM32F4xx_HAL_Driver/Src/stm32f4xx_hal_uart.c 0x00000000   Number         0  stm32f4xx_hal_uart.o ABSOLUTE
    ../clib/microlib/division.c              0x00000000   Number         0  uldiv.o ABSOLUTE
    ../clib/microlib/division.c              0x00000000   Number         0  uidiv.o ABSOLUTE
    ../clib/microlib/init/entry.s            0x00000000   Number         0  entry8a.o ABSOLUTE
    ../clib/microlib/init/entry.s            0x00000000   Number         0  entry10b.o ABSOLUTE
    ../clib/microlib/init/entry.s            0x00000000   Number         0  entry10a.o ABSOLUTE
    ../clib/microlib/init/entry.s            0x00000000   Number         0  entry9b.o ABSOLUTE
    ../clib/microlib/init/entry.s            0x00000000   Number         0  entry9a.o ABSOLUTE
    ../clib/microlib/init/entry.s            0x00000000   Number         0  entry7b.o ABSOLUTE
    ../clib/microlib/init/entry.s            0x00000000   Number         0  entry7a.o ABSOLUTE
    ../clib/microlib/init/entry.s            0x00000000   Number         0  entry8b.o ABSOLUTE
    ../clib/microlib/init/entry.s            0x00000000   Number         0  entry11a.o ABSOLUTE
    ../clib/microlib/init/entry.s            0x00000000   Number         0  entry.o ABSOLUTE
    ../clib/microlib/init/entry.s            0x00000000   Number         0  entry2.o ABSOLUTE
    ../clib/microlib/init/entry.s            0x00000000   Number         0  entry5.o ABSOLUTE
    ../clib/microlib/init/entry.s            0x00000000   Number         0  entry11b.o ABSOLUTE
    ../clib/microlib/longlong.c              0x00000000   Number         0  llshl.o ABSOLUTE
    ../clib/microlib/longlong.c              0x00000000   Number         0  llushr.o ABSOLUTE
    ../clib/microlib/longlong.c              0x00000000   Number         0  llsshr.o ABSOLUTE
    ../clib/microlib/printf/printf.c         0x00000000   Number         0  printf4.o ABSOLUTE
    ../clib/microlib/printf/printf.c         0x00000000   Number         0  printf3.o ABSOLUTE
    ../clib/microlib/printf/printf.c         0x00000000   Number         0  printf2.o ABSOLUTE
    ../clib/microlib/printf/printf.c         0x00000000   Number         0  printf1.o ABSOLUTE
    ../clib/microlib/printf/printf.c         0x00000000   Number         0  printfa.o ABSOLUTE
    ../clib/microlib/printf/printf.c         0x00000000   Number         0  printfb.o ABSOLUTE
    ../clib/microlib/printf/printf.c         0x00000000   Number         0  printf8.o ABSOLUTE
    ../clib/microlib/printf/printf.c         0x00000000   Number         0  printf7.o ABSOLUTE
    ../clib/microlib/printf/printf.c         0x00000000   Number         0  printf0.o ABSOLUTE
    ../clib/microlib/printf/printf.c         0x00000000   Number         0  printf6.o ABSOLUTE
    ../clib/microlib/printf/printf.c         0x00000000   Number         0  printf5.o ABSOLUTE
    ../clib/microlib/printf/stubs.s          0x00000000   Number         0  stubs.o ABSOLUTE
    ../clib/microlib/stdio/streams.c         0x00000000   Number         0  stdout.o ABSOLUTE
    ../clib/microlib/string/memset.c         0x00000000   Number         0  memseta.o ABSOLUTE
    ../clib/microlib/stubs.s                 0x00000000   Number         0  iusefp.o ABSOLUTE
    ../fplib/microlib/fpadd.c                0x00000000   Number         0  dadd.o ABSOLUTE
    ../fplib/microlib/fpdiv.c                0x00000000   Number         0  ddiv.o ABSOLUTE
    ../fplib/microlib/fpepilogue.c           0x00000000   Number         0  depilogue.o ABSOLUTE
    ../fplib/microlib/fpfix.c                0x00000000   Number         0  dfixui.o ABSOLUTE
    ../fplib/microlib/fpfix.c                0x00000000   Number         0  dfixul.o ABSOLUTE
    ../fplib/microlib/fpflt.c                0x00000000   Number         0  dfltui.o ABSOLUTE
    ../fplib/microlib/fpmul.c                0x00000000   Number         0  dmul.o ABSOLUTE
    ..\Core\Src\Mecanum.c                    0x00000000   Number         0  mecanum.o ABSOLUTE
    ..\Core\Src\gpio.c                       0x00000000   Number         0  gpio.o ABSOLUTE
    ..\Core\Src\main.c                       0x00000000   Number         0  main.o ABSOLUTE
    ..\Core\Src\route.c                      0x00000000   Number         0  route.o ABSOLUTE
    ..\Core\Src\stm32f4xx_hal_msp.c          0x00000000   Number         0  stm32f4xx_hal_msp.o ABSOLUTE
    ..\Core\Src\stm32f4xx_it.c               0x00000000   Number         0  stm32f4xx_it.o ABSOLUTE
    ..\Core\Src\system_stm32f4xx.c           0x00000000   Number         0  system_stm32f4xx.o ABSOLUTE
    ..\Core\Src\tim.c                        0x00000000   Number         0  tim.o ABSOLUTE
    ..\Core\Src\usart.c                      0x00000000   Number         0  usart.o ABSOLUTE
    ..\Drivers\STM32F4xx_HAL_Driver\Src\stm32f4xx_hal.c 0x00000000   Number         0  stm32f4xx_hal.o ABSOLUTE
    ..\Drivers\STM32F4xx_HAL_Driver\Src\stm32f4xx_hal_cortex.c 0x00000000   Number         0  stm32f4xx_hal_cortex.o ABSOLUTE
    ..\Drivers\STM32F4xx_HAL_Driver\Src\stm32f4xx_hal_dma.c 0x00000000   Number         0  stm32f4xx_hal_dma.o ABSOLUTE
    ..\Drivers\STM32F4xx_HAL_Driver\Src\stm32f4xx_hal_dma_ex.c 0x00000000   Number         0  stm32f4xx_hal_dma_ex.o ABSOLUTE
    ..\Drivers\STM32F4xx_HAL_Driver\Src\stm32f4xx_hal_exti.c 0x00000000   Number         0  stm32f4xx_hal_exti.o ABSOLUTE
    ..\Drivers\STM32F4xx_HAL_Driver\Src\stm32f4xx_hal_flash.c 0x00000000   Number         0  stm32f4xx_hal_flash.o ABSOLUTE
    ..\Drivers\STM32F4xx_HAL_Driver\Src\stm32f4xx_hal_flash_ex.c 0x00000000   Number         0  stm32f4xx_hal_flash_ex.o ABSOLUTE
    ..\Drivers\STM32F4xx_HAL_Driver\Src\stm32f4xx_hal_flash_ramfunc.c 0x00000000   Number         0  stm32f4xx_hal_flash_ramfunc.o ABSOLUTE
    ..\Drivers\STM32F4xx_HAL_Driver\Src\stm32f4xx_hal_gpio.c 0x00000000   Number         0  stm32f4xx_hal_gpio.o ABSOLUTE
    ..\Drivers\STM32F4xx_HAL_Driver\Src\stm32f4xx_hal_pwr.c 0x00000000   Number         0  stm32f4xx_hal_pwr.o ABSOLUTE
    ..\Drivers\STM32F4xx_HAL_Driver\Src\stm32f4xx_hal_pwr_ex.c 0x00000000   Number         0  stm32f4xx_hal_pwr_ex.o ABSOLUTE
    ..\Drivers\STM32F4xx_HAL_Driver\Src\stm32f4xx_hal_rcc.c 0x00000000   Number         0  stm32f4xx_hal_rcc.o ABSOLUTE
    ..\Drivers\STM32F4xx_HAL_Driver\Src\stm32f4xx_hal_rcc_ex.c 0x00000000   Number         0  stm32f4xx_hal_rcc_ex.o ABSOLUTE
    ..\Drivers\STM32F4xx_HAL_Driver\Src\stm32f4xx_hal_tim.c 0x00000000   Number         0  stm32f4xx_hal_tim.o ABSOLUTE
    ..\Drivers\STM32F4xx_HAL_Driver\Src\stm32f4xx_hal_tim_ex.c 0x00000000   Number         0  stm32f4xx_hal_tim_ex.o ABSOLUTE
    ..\Drivers\STM32F4xx_HAL_Driver\Src\stm32f4xx_hal_uart.c 0x00000000   Number         0  stm32f4xx_hal_uart.o ABSOLUTE
    ..\Hardware\arm.c                        0x00000000   Number         0  arm.o ABSOLUTE
    ..\Hardware\delay.c                      0x00000000   Number         0  delay.o ABSOLUTE
    ..\\Core\\Src\\Mecanum.c                 0x00000000   Number         0  mecanum.o ABSOLUTE
    ..\\Core\\Src\\route.c                   0x00000000   Number         0  route.o ABSOLUTE
    ..\\Hardware\\arm.c                      0x00000000   Number         0  arm.o ABSOLUTE
    ..\\Hardware\\delay.c                    0x00000000   Number         0  delay.o ABSOLUTE
    cdrcmple.s                               0x00000000   Number         0  cdrcmple.o ABSOLUTE
    dc.s                                     0x00000000   Number         0  dc.o ABSOLUTE
    handlers.s                               0x00000000   Number         0  handlers.o ABSOLUTE
    init.s                                   0x00000000   Number         0  init.o ABSOLUTE
    startup_stm32f407xx.s                    0x00000000   Number         0  startup_stm32f407xx.o ABSOLUTE
    RESET                                    0x08000000   Section      392  startup_stm32f407xx.o(RESET)
    .ARM.Collect$$$$00000000                 0x08000188   Section        0  entry.o(.ARM.Collect$$$$00000000)
    .ARM.Collect$$$$00000001                 0x08000188   Section        4  entry2.o(.ARM.Collect$$$$00000001)
    .ARM.Collect$$$$00000004                 0x0800018c   Section        4  entry5.o(.ARM.Collect$$$$00000004)
    .ARM.Collect$$$$00000008                 0x08000190   Section        0  entry7b.o(.ARM.Collect$$$$00000008)
    .ARM.Collect$$$$0000000A                 0x08000190   Section        0  entry8b.o(.ARM.Collect$$$$0000000A)
    .ARM.Collect$$$$0000000B                 0x08000190   Section        8  entry9a.o(.ARM.Collect$$$$0000000B)
    .ARM.Collect$$$$0000000D                 0x08000198   Section        0  entry10a.o(.ARM.Collect$$$$0000000D)
    .ARM.Collect$$$$0000000F                 0x08000198   Section        0  entry11a.o(.ARM.Collect$$$$0000000F)
    .ARM.Collect$$$$00002712                 0x08000198   Section        4  entry2.o(.ARM.Collect$$$$00002712)
    __lit__00000000                          0x08000198   Data           4  entry2.o(.ARM.Collect$$$$00002712)
    .text                                    0x0800019c   Section       36  startup_stm32f407xx.o(.text)
    $v0                                      0x0800019c   Number         0  startup_stm32f407xx.o(.text)
    .text                                    0x080001c0   Section        0  uldiv.o(.text)
    .text                                    0x08000222   Section        0  memseta.o(.text)
    .text                                    0x08000246   Section        0  dadd.o(.text)
    .text                                    0x08000394   Section        0  dmul.o(.text)
    .text                                    0x08000478   Section        0  ddiv.o(.text)
    .text                                    0x08000556   Section        0  dfltui.o(.text)
    .text                                    0x08000570   Section        0  dfixui.o(.text)
    .text                                    0x080005a2   Section        0  uidiv.o(.text)
    .text                                    0x080005ce   Section        0  llshl.o(.text)
    .text                                    0x080005ec   Section        0  llushr.o(.text)
    .text                                    0x0800060c   Section        0  llsshr.o(.text)
    .text                                    0x08000630   Section        0  iusefp.o(.text)
    .text                                    0x08000630   Section        0  depilogue.o(.text)
    .text                                    0x080006ec   Section       36  init.o(.text)
    i.BusFault_Handler                       0x08000710   Section        0  stm32f4xx_it.o(i.BusFault_Handler)
    i.DebugMon_Handler                       0x08000712   Section        0  stm32f4xx_it.o(i.DebugMon_Handler)
    i.EXTI0_IRQHandler                       0x08000714   Section        0  stm32f4xx_it.o(i.EXTI0_IRQHandler)
    i.EXTI15_10_IRQHandler                   0x0800071a   Section        0  stm32f4xx_it.o(i.EXTI15_10_IRQHandler)
    i.EXTI1_IRQHandler                       0x08000750   Section        0  stm32f4xx_it.o(i.EXTI1_IRQHandler)
    i.EXTI2_IRQHandler                       0x08000756   Section        0  stm32f4xx_it.o(i.EXTI2_IRQHandler)
    i.EXTI3_IRQHandler                       0x0800075c   Section        0  stm32f4xx_it.o(i.EXTI3_IRQHandler)
    i.EXTI4_IRQHandler                       0x08000762   Section        0  stm32f4xx_it.o(i.EXTI4_IRQHandler)
    i.EXTI9_5_IRQHandler                     0x08000768   Section        0  stm32f4xx_it.o(i.EXTI9_5_IRQHandler)
    i.Error_Handler                          0x08000790   Section        0  main.o(i.Error_Handler)
    i.GetRawMass                             0x08000794   Section        0  arm.o(i.GetRawMass)
    i.HAL_Delay                              0x080007f8   Section        0  stm32f4xx_hal.o(i.HAL_Delay)
    i.HAL_GPIO_EXTI_Callback                 0x0800081c   Section        0  main.o(i.HAL_GPIO_EXTI_Callback)
    i.HAL_GPIO_EXTI_IRQHandler               0x08000b58   Section        0  stm32f4xx_hal_gpio.o(i.HAL_GPIO_EXTI_IRQHandler)
    i.HAL_GPIO_Init                          0x08000b70   Section        0  stm32f4xx_hal_gpio.o(i.HAL_GPIO_Init)
    i.HAL_GPIO_ReadPin                       0x08000d28   Section        0  stm32f4xx_hal_gpio.o(i.HAL_GPIO_ReadPin)
    i.HAL_GetTick                            0x08000d34   Section        0  stm32f4xx_hal.o(i.HAL_GetTick)
    i.HAL_IncTick                            0x08000d40   Section        0  stm32f4xx_hal.o(i.HAL_IncTick)
    i.HAL_Init                               0x08000d50   Section        0  stm32f4xx_hal.o(i.HAL_Init)
    i.HAL_InitTick                           0x08000d84   Section        0  stm32f4xx_hal.o(i.HAL_InitTick)
    i.HAL_MspInit                            0x08000dc4   Section        0  stm32f4xx_hal_msp.o(i.HAL_MspInit)
    i.HAL_NVIC_EnableIRQ                     0x08000df4   Section        0  stm32f4xx_hal_cortex.o(i.HAL_NVIC_EnableIRQ)
    i.HAL_NVIC_SetPriority                   0x08000e10   Section        0  stm32f4xx_hal_cortex.o(i.HAL_NVIC_SetPriority)
    i.HAL_NVIC_SetPriorityGrouping           0x08000e50   Section        0  stm32f4xx_hal_cortex.o(i.HAL_NVIC_SetPriorityGrouping)
    i.HAL_RCC_ClockConfig                    0x08000e74   Section        0  stm32f4xx_hal_rcc.o(i.HAL_RCC_ClockConfig)
    i.HAL_RCC_GetPCLK1Freq                   0x08000fa8   Section        0  stm32f4xx_hal_rcc.o(i.HAL_RCC_GetPCLK1Freq)
    i.HAL_RCC_GetPCLK2Freq                   0x08000fc8   Section        0  stm32f4xx_hal_rcc.o(i.HAL_RCC_GetPCLK2Freq)
    i.HAL_RCC_GetSysClockFreq                0x08000fe8   Section        0  stm32f4xx_hal_rcc.o(i.HAL_RCC_GetSysClockFreq)
    i.HAL_RCC_OscConfig                      0x08001048   Section        0  stm32f4xx_hal_rcc.o(i.HAL_RCC_OscConfig)
    i.HAL_SYSTICK_CLKSourceConfig            0x080013a4   Section        0  stm32f4xx_hal_cortex.o(i.HAL_SYSTICK_CLKSourceConfig)
    i.HAL_SYSTICK_Config                     0x080013bc   Section        0  stm32f4xx_hal_cortex.o(i.HAL_SYSTICK_Config)
    i.HAL_TIMEx_BreakCallback                0x080013e4   Section        0  stm32f4xx_hal_tim_ex.o(i.HAL_TIMEx_BreakCallback)
    i.HAL_TIMEx_CommutCallback               0x080013e6   Section        0  stm32f4xx_hal_tim_ex.o(i.HAL_TIMEx_CommutCallback)
    i.HAL_TIMEx_MasterConfigSynchronization  0x080013e8   Section        0  stm32f4xx_hal_tim_ex.o(i.HAL_TIMEx_MasterConfigSynchronization)
    i.HAL_TIM_Base_Init                      0x08001478   Section        0  stm32f4xx_hal_tim.o(i.HAL_TIM_Base_Init)
    i.HAL_TIM_Base_MspInit                   0x080014b0   Section        0  tim.o(i.HAL_TIM_Base_MspInit)
    i.HAL_TIM_Base_Start_IT                  0x080014ec   Section        0  stm32f4xx_hal_tim.o(i.HAL_TIM_Base_Start_IT)
    i.HAL_TIM_Base_Stop_IT                   0x0800150e   Section        0  stm32f4xx_hal_tim.o(i.HAL_TIM_Base_Stop_IT)
    i.HAL_TIM_ConfigClockSource              0x08001538   Section        0  stm32f4xx_hal_tim.o(i.HAL_TIM_ConfigClockSource)
    i.HAL_TIM_IC_CaptureCallback             0x0800160e   Section        0  stm32f4xx_hal_tim.o(i.HAL_TIM_IC_CaptureCallback)
    i.HAL_TIM_IRQHandler                     0x08001610   Section        0  stm32f4xx_hal_tim.o(i.HAL_TIM_IRQHandler)
    i.HAL_TIM_OC_DelayElapsedCallback        0x08001776   Section        0  stm32f4xx_hal_tim.o(i.HAL_TIM_OC_DelayElapsedCallback)
    i.HAL_TIM_PWM_PulseFinishedCallback      0x08001778   Section        0  stm32f4xx_hal_tim.o(i.HAL_TIM_PWM_PulseFinishedCallback)
    i.HAL_TIM_PeriodElapsedCallback          0x0800177c   Section        0  main.o(i.HAL_TIM_PeriodElapsedCallback)
    i.HAL_TIM_TriggerCallback                0x080017ec   Section        0  stm32f4xx_hal_tim.o(i.HAL_TIM_TriggerCallback)
    i.HAL_UART_Init                          0x080017ee   Section        0  stm32f4xx_hal_uart.o(i.HAL_UART_Init)
    i.HAL_UART_MspInit                       0x08001850   Section        0  usart.o(i.HAL_UART_MspInit)
    i.HAL_UART_Transmit                      0x080018ec   Section        0  stm32f4xx_hal_uart.o(i.HAL_UART_Transmit)
    i.HardFault_Handler                      0x080019a6   Section        0  stm32f4xx_it.o(i.HardFault_Handler)
    i.MX_GPIO_Init                           0x080019a8   Section        0  gpio.o(i.MX_GPIO_Init)
    i.MX_TIM3_Init                           0x08001aa4   Section        0  tim.o(i.MX_TIM3_Init)
    i.MX_USART1_UART_Init                    0x08001b0c   Section        0  usart.o(i.MX_USART1_UART_Init)
    i.MX_USART2_UART_Init                    0x08001b44   Section        0  usart.o(i.MX_USART2_UART_Init)
    i.MemManage_Handler                      0x08001b7c   Section        0  stm32f4xx_it.o(i.MemManage_Handler)
    i.NMI_Handler                            0x08001b7e   Section        0  stm32f4xx_it.o(i.NMI_Handler)
    i.PendSV_Handler                         0x08001b80   Section        0  stm32f4xx_it.o(i.PendSV_Handler)
    i.SVC_Handler                            0x08001b82   Section        0  stm32f4xx_it.o(i.SVC_Handler)
    i.SysTick_Handler                        0x08001b84   Section        0  stm32f4xx_it.o(i.SysTick_Handler)
    i.SystemClock_Config                     0x08001b88   Section        0  main.o(i.SystemClock_Config)
    i.SystemInit                             0x08001c18   Section        0  system_stm32f4xx.o(i.SystemInit)
    i.TIM3_IRQHandler                        0x08001c34   Section        0  stm32f4xx_it.o(i.TIM3_IRQHandler)
    i.TIM_Base_SetConfig                     0x08001c40   Section        0  stm32f4xx_hal_tim.o(i.TIM_Base_SetConfig)
    i.TIM_ETR_SetConfig                      0x08001d08   Section        0  stm32f4xx_hal_tim.o(i.TIM_ETR_SetConfig)
    i.TIM_ITRx_SetConfig                     0x08001d1c   Section        0  stm32f4xx_hal_tim.o(i.TIM_ITRx_SetConfig)
    TIM_ITRx_SetConfig                       0x08001d1d   Thumb Code    16  stm32f4xx_hal_tim.o(i.TIM_ITRx_SetConfig)
    i.TIM_TI1_ConfigInputStage               0x08001d2c   Section        0  stm32f4xx_hal_tim.o(i.TIM_TI1_ConfigInputStage)
    TIM_TI1_ConfigInputStage                 0x08001d2d   Thumb Code    34  stm32f4xx_hal_tim.o(i.TIM_TI1_ConfigInputStage)
    i.TIM_TI2_ConfigInputStage               0x08001d4e   Section        0  stm32f4xx_hal_tim.o(i.TIM_TI2_ConfigInputStage)
    TIM_TI2_ConfigInputStage                 0x08001d4f   Thumb Code    36  stm32f4xx_hal_tim.o(i.TIM_TI2_ConfigInputStage)
    i.UART_SetConfig                         0x08001d74   Section        0  stm32f4xx_hal_uart.o(i.UART_SetConfig)
    UART_SetConfig                           0x08001d75   Thumb Code   286  stm32f4xx_hal_uart.o(i.UART_SetConfig)
    i.UART_WaitOnFlagUntilTimeout            0x08001e9c   Section        0  stm32f4xx_hal_uart.o(i.UART_WaitOnFlagUntilTimeout)
    UART_WaitOnFlagUntilTimeout              0x08001e9d   Thumb Code   100  stm32f4xx_hal_uart.o(i.UART_WaitOnFlagUntilTimeout)
    i.UsageFault_Handler                     0x08001f00   Section        0  stm32f4xx_it.o(i.UsageFault_Handler)
    i.__0snprintf$6                          0x08001f04   Section        0  printf6.o(i.__0snprintf$6)
    i.__0sprintf$6                           0x08001f34   Section        0  printf6.o(i.__0sprintf$6)
    i.__NVIC_SetPriority                     0x08001f5c   Section        0  stm32f4xx_hal_cortex.o(i.__NVIC_SetPriority)
    __NVIC_SetPriority                       0x08001f5d   Thumb Code    32  stm32f4xx_hal_cortex.o(i.__NVIC_SetPriority)
    i.__scatterload_copy                     0x08001f7c   Section       14  handlers.o(i.__scatterload_copy)
    i.__scatterload_null                     0x08001f8a   Section        2  handlers.o(i.__scatterload_null)
    i.__scatterload_zeroinit                 0x08001f8c   Section       14  handlers.o(i.__scatterload_zeroinit)
    i._printf_core                           0x08001f9c   Section        0  printf6.o(i._printf_core)
    _printf_core                             0x08001f9d   Thumb Code   748  printf6.o(i._printf_core)
    i._printf_post_padding                   0x0800228c   Section        0  printf6.o(i._printf_post_padding)
    _printf_post_padding                     0x0800228d   Thumb Code    36  printf6.o(i._printf_post_padding)
    i._printf_pre_padding                    0x080022b0   Section        0  printf6.o(i._printf_pre_padding)
    _printf_pre_padding                      0x080022b1   Thumb Code    46  printf6.o(i._printf_pre_padding)
    i._snputc                                0x080022de   Section        0  printf6.o(i._snputc)
    _snputc                                  0x080022df   Thumb Code    22  printf6.o(i._snputc)
    i._sputc                                 0x080022f4   Section        0  printf6.o(i._sputc)
    _sputc                                   0x080022f5   Thumb Code    10  printf6.o(i._sputc)
    i.backLineWalking                        0x08002300   Section        0  mecanum.o(i.backLineWalking)
    i.backward                               0x08002454   Section        0  mecanum.o(i.backward)
    i.clearValue                             0x08002488   Section        0  mecanum.o(i.clearValue)
    i.counterclockwiseRotation               0x0800250c   Section        0  mecanum.o(i.counterclockwiseRotation)
    i.delay_Init                             0x08002548   Section        0  delay.o(i.delay_Init)
    delay_Init                               0x08002549   Thumb Code    34  delay.o(i.delay_Init)
    i.delay_ms                               0x08002570   Section        0  delay.o(i.delay_ms)
    i.forward                                0x08002600   Section        0  mecanum.o(i.forward)
    i.frontTurnBigLeft                       0x08002634   Section        0  mecanum.o(i.frontTurnBigLeft)
    i.frontTurnBigRight                      0x0800266c   Section        0  mecanum.o(i.frontTurnBigRight)
    i.frontTurnLeft                          0x080026a4   Section        0  mecanum.o(i.frontTurnLeft)
    i.frontTurnRight                         0x080026dc   Section        0  mecanum.o(i.frontTurnRight)
    i.getBehindLine                          0x08002714   Section        0  mecanum.o(i.getBehindLine)
    i.getFrontLine                           0x08002758   Section        0  mecanum.o(i.getFrontLine)
    i.getLeftLine                            0x08002798   Section        0  mecanum.o(i.getLeftLine)
    i.getRightLine                           0x080027d8   Section        0  mecanum.o(i.getRightLine)
    i.leftward                               0x08002820   Section        0  mecanum.o(i.leftward)
    i.leftwardLineWalking                    0x08002858   Section        0  mecanum.o(i.leftwardLineWalking)
    i.main                                   0x080029b0   Section        0  main.o(i.main)
    i.putRawMassToRoughMachine               0x08002ab0   Section        0  arm.o(i.putRawMassToRoughMachine)
    i.putRawMassToSemiProcess                0x08002b14   Section        0  arm.o(i.putRawMassToSemiProcess)
    i.setSpeedPosition                       0x08002b18   Section        0  arm.o(i.setSpeedPosition)
    i.stop                                   0x08002b8c   Section        0  mecanum.o(i.stop)
    i.strightLineWalking                     0x08002c08   Section        0  mecanum.o(i.strightLineWalking)
    i.tailTurnBigLeft                        0x08002d5c   Section        0  mecanum.o(i.tailTurnBigLeft)
    i.tailTurnBigRight                       0x08002d94   Section        0  mecanum.o(i.tailTurnBigRight)
    i.tailTurnLeft                           0x08002dcc   Section        0  mecanum.o(i.tailTurnLeft)
    i.tailTurnRight                          0x08002e04   Section        0  mecanum.o(i.tailTurnRight)
    i.transmit                               0x08002e3c   Section        0  mecanum.o(i.transmit)
    i.turnAroundLowerLeftBigCorner           0x08002f10   Section        0  mecanum.o(i.turnAroundLowerLeftBigCorner)
    i.turnAroundLowerLeftCorner              0x08002f48   Section        0  mecanum.o(i.turnAroundLowerLeftCorner)
    i.turnAroundLowerRightBigCorner          0x08002f80   Section        0  mecanum.o(i.turnAroundLowerRightBigCorner)
    i.turnAroundLowerRightCorner             0x08002fb8   Section        0  mecanum.o(i.turnAroundLowerRightCorner)
    i.turnAroundTopLeftBigCorner             0x08002ff0   Section        0  mecanum.o(i.turnAroundTopLeftBigCorner)
    i.turnAroundTopLeftCorner                0x08003028   Section        0  mecanum.o(i.turnAroundTopLeftCorner)
    i.turnAroundTopRightBigCorner            0x08003060   Section        0  mecanum.o(i.turnAroundTopRightBigCorner)
    i.turnAroundTopRightCorner               0x08003098   Section        0  mecanum.o(i.turnAroundTopRightCorner)
    .constdata                               0x080030d0   Section       16  system_stm32f4xx.o(.constdata)
    .constdata                               0x080030e0   Section        8  system_stm32f4xx.o(.constdata)
    .data                                    0x20000000   Section        1  delay.o(.data)
    first                                    0x20000000   Data           1  delay.o(.data)
    .data                                    0x20000001   Section       10  arm.o(.data)
    .data                                    0x2000000b   Section       17  main.o(.data)
    .data                                    0x2000001c   Section       12  stm32f4xx_hal.o(.data)
    .data                                    0x20000028   Section        4  system_stm32f4xx.o(.data)
    .bss                                     0x2000002c   Section       64  tim.o(.bss)
    .bss                                     0x2000006c   Section      128  usart.o(.bss)
    STACK                                    0x200000f0   Section     1024  startup_stm32f407xx.o(STACK)

    Global Symbols

    Symbol Name                              Value     Ov Type        Size  Object(Section)

    BuildAttributes$$THM_ISAv4$E$P$D$K$B$S$7EM$VFPi3$EXTD16$VFPS$VFMA$PE$A:L22UL41UL21$X:L11$S22US41US21$IEEE1$IW$USESV6$~STKCKD$USESV7$~SHL$OSPACE$ROPI$EBA8$MICROLIB$REQ8$PRES8$EABIv2 0x00000000   Number         0  anon$$obj.o ABSOLUTE
    __ARM_use_no_argv                        0x00000000   Number         0  main.o ABSOLUTE
    _printf_a                                0x00000000   Number         0  stubs.o ABSOLUTE
    _printf_c                                0x00000000   Number         0  stubs.o ABSOLUTE
    _printf_charcount                        0x00000000   Number         0  stubs.o ABSOLUTE
    _printf_d                                0x00000000   Number         0  stubs.o ABSOLUTE
    _printf_e                                0x00000000   Number         0  stubs.o ABSOLUTE
    _printf_f                                0x00000000   Number         0  stubs.o ABSOLUTE
    _printf_flags                            0x00000000   Number         0  stubs.o ABSOLUTE
    _printf_fp_dec                           0x00000000   Number         0  stubs.o ABSOLUTE
    _printf_fp_hex                           0x00000000   Number         0  stubs.o ABSOLUTE
    _printf_g                                0x00000000   Number         0  stubs.o ABSOLUTE
    _printf_i                                0x00000000   Number         0  stubs.o ABSOLUTE
    _printf_int_dec                          0x00000000   Number         0  stubs.o ABSOLUTE
    _printf_l                                0x00000000   Number         0  stubs.o ABSOLUTE
    _printf_lc                               0x00000000   Number         0  stubs.o ABSOLUTE
    _printf_ll                               0x00000000   Number         0  stubs.o ABSOLUTE
    _printf_lld                              0x00000000   Number         0  stubs.o ABSOLUTE
    _printf_lli                              0x00000000   Number         0  stubs.o ABSOLUTE
    _printf_llo                              0x00000000   Number         0  stubs.o ABSOLUTE
    _printf_llu                              0x00000000   Number         0  stubs.o ABSOLUTE
    _printf_llx                              0x00000000   Number         0  stubs.o ABSOLUTE
    _printf_longlong_dec                     0x00000000   Number         0  stubs.o ABSOLUTE
    _printf_longlong_hex                     0x00000000   Number         0  stubs.o ABSOLUTE
    _printf_longlong_oct                     0x00000000   Number         0  stubs.o ABSOLUTE
    _printf_ls                               0x00000000   Number         0  stubs.o ABSOLUTE
    _printf_mbtowc                           0x00000000   Number         0  stubs.o ABSOLUTE
    _printf_n                                0x00000000   Number         0  stubs.o ABSOLUTE
    _printf_o                                0x00000000   Number         0  stubs.o ABSOLUTE
    _printf_p                                0x00000000   Number         0  stubs.o ABSOLUTE
    _printf_percent                          0x00000000   Number         0  stubs.o ABSOLUTE
    _printf_pre_padding                      0x00000000   Number         0  stubs.o ABSOLUTE
    _printf_return_value                     0x00000000   Number         0  stubs.o ABSOLUTE
    _printf_s                                0x00000000   Number         0  stubs.o ABSOLUTE
    _printf_sizespec                         0x00000000   Number         0  stubs.o ABSOLUTE
    _printf_str                              0x00000000   Number         0  stubs.o ABSOLUTE
    _printf_truncate_signed                  0x00000000   Number         0  stubs.o ABSOLUTE
    _printf_truncate_unsigned                0x00000000   Number         0  stubs.o ABSOLUTE
    _printf_u                                0x00000000   Number         0  stubs.o ABSOLUTE
    _printf_wc                               0x00000000   Number         0  stubs.o ABSOLUTE
    _printf_wctomb                           0x00000000   Number         0  stubs.o ABSOLUTE
    _printf_widthprec                        0x00000000   Number         0  stubs.o ABSOLUTE
    _printf_x                                0x00000000   Number         0  stubs.o ABSOLUTE
    __cpp_initialize__aeabi_                  - Undefined Weak Reference
    __cxa_finalize                            - Undefined Weak Reference
    __decompress                              - Undefined Weak Reference
    _clock_init                               - Undefined Weak Reference
    _microlib_exit                            - Undefined Weak Reference
    __Vectors_Size                           0x00000188   Number         0  startup_stm32f407xx.o ABSOLUTE
    __Vectors                                0x08000000   Data           4  startup_stm32f407xx.o(RESET)
    __Vectors_End                            0x08000188   Data           0  startup_stm32f407xx.o(RESET)
    __main                                   0x08000189   Thumb Code     0  entry.o(.ARM.Collect$$$$00000000)
    _main_stk                                0x08000189   Thumb Code     0  entry2.o(.ARM.Collect$$$$00000001)
    _main_scatterload                        0x0800018d   Thumb Code     0  entry5.o(.ARM.Collect$$$$00000004)
    __main_after_scatterload                 0x08000191   Thumb Code     0  entry5.o(.ARM.Collect$$$$00000004)
    _main_clock                              0x08000191   Thumb Code     0  entry7b.o(.ARM.Collect$$$$00000008)
    _main_cpp_init                           0x08000191   Thumb Code     0  entry8b.o(.ARM.Collect$$$$0000000A)
    _main_init                               0x08000191   Thumb Code     0  entry9a.o(.ARM.Collect$$$$0000000B)
    __rt_final_cpp                           0x08000199   Thumb Code     0  entry10a.o(.ARM.Collect$$$$0000000D)
    __rt_final_exit                          0x08000199   Thumb Code     0  entry11a.o(.ARM.Collect$$$$0000000F)
    Reset_Handler                            0x0800019d   Thumb Code     8  startup_stm32f407xx.o(.text)
    ADC_IRQHandler                           0x080001b7   Thumb Code     0  startup_stm32f407xx.o(.text)
    CAN1_RX0_IRQHandler                      0x080001b7   Thumb Code     0  startup_stm32f407xx.o(.text)
    CAN1_RX1_IRQHandler                      0x080001b7   Thumb Code     0  startup_stm32f407xx.o(.text)
    CAN1_SCE_IRQHandler                      0x080001b7   Thumb Code     0  startup_stm32f407xx.o(.text)
    CAN1_TX_IRQHandler                       0x080001b7   Thumb Code     0  startup_stm32f407xx.o(.text)
    CAN2_RX0_IRQHandler                      0x080001b7   Thumb Code     0  startup_stm32f407xx.o(.text)
    CAN2_RX1_IRQHandler                      0x080001b7   Thumb Code     0  startup_stm32f407xx.o(.text)
    CAN2_SCE_IRQHandler                      0x080001b7   Thumb Code     0  startup_stm32f407xx.o(.text)
    CAN2_TX_IRQHandler                       0x080001b7   Thumb Code     0  startup_stm32f407xx.o(.text)
    DCMI_IRQHandler                          0x080001b7   Thumb Code     0  startup_stm32f407xx.o(.text)
    DMA1_Stream0_IRQHandler                  0x080001b7   Thumb Code     0  startup_stm32f407xx.o(.text)
    DMA1_Stream1_IRQHandler                  0x080001b7   Thumb Code     0  startup_stm32f407xx.o(.text)
    DMA1_Stream2_IRQHandler                  0x080001b7   Thumb Code     0  startup_stm32f407xx.o(.text)
    DMA1_Stream3_IRQHandler                  0x080001b7   Thumb Code     0  startup_stm32f407xx.o(.text)
    DMA1_Stream4_IRQHandler                  0x080001b7   Thumb Code     0  startup_stm32f407xx.o(.text)
    DMA1_Stream5_IRQHandler                  0x080001b7   Thumb Code     0  startup_stm32f407xx.o(.text)
    DMA1_Stream6_IRQHandler                  0x080001b7   Thumb Code     0  startup_stm32f407xx.o(.text)
    DMA1_Stream7_IRQHandler                  0x080001b7   Thumb Code     0  startup_stm32f407xx.o(.text)
    DMA2_Stream0_IRQHandler                  0x080001b7   Thumb Code     0  startup_stm32f407xx.o(.text)
    DMA2_Stream1_IRQHandler                  0x080001b7   Thumb Code     0  startup_stm32f407xx.o(.text)
    DMA2_Stream2_IRQHandler                  0x080001b7   Thumb Code     0  startup_stm32f407xx.o(.text)
    DMA2_Stream3_IRQHandler                  0x080001b7   Thumb Code     0  startup_stm32f407xx.o(.text)
    DMA2_Stream4_IRQHandler                  0x080001b7   Thumb Code     0  startup_stm32f407xx.o(.text)
    DMA2_Stream5_IRQHandler                  0x080001b7   Thumb Code     0  startup_stm32f407xx.o(.text)
    DMA2_Stream6_IRQHandler                  0x080001b7   Thumb Code     0  startup_stm32f407xx.o(.text)
    DMA2_Stream7_IRQHandler                  0x080001b7   Thumb Code     0  startup_stm32f407xx.o(.text)
    ETH_IRQHandler                           0x080001b7   Thumb Code     0  startup_stm32f407xx.o(.text)
    ETH_WKUP_IRQHandler                      0x080001b7   Thumb Code     0  startup_stm32f407xx.o(.text)
    FLASH_IRQHandler                         0x080001b7   Thumb Code     0  startup_stm32f407xx.o(.text)
    FMC_IRQHandler                           0x080001b7   Thumb Code     0  startup_stm32f407xx.o(.text)
    FPU_IRQHandler                           0x080001b7   Thumb Code     0  startup_stm32f407xx.o(.text)
    HASH_RNG_IRQHandler                      0x080001b7   Thumb Code     0  startup_stm32f407xx.o(.text)
    I2C1_ER_IRQHandler                       0x080001b7   Thumb Code     0  startup_stm32f407xx.o(.text)
    I2C1_EV_IRQHandler                       0x080001b7   Thumb Code     0  startup_stm32f407xx.o(.text)
    I2C2_ER_IRQHandler                       0x080001b7   Thumb Code     0  startup_stm32f407xx.o(.text)
    I2C2_EV_IRQHandler                       0x080001b7   Thumb Code     0  startup_stm32f407xx.o(.text)
    I2C3_ER_IRQHandler                       0x080001b7   Thumb Code     0  startup_stm32f407xx.o(.text)
    I2C3_EV_IRQHandler                       0x080001b7   Thumb Code     0  startup_stm32f407xx.o(.text)
    OTG_FS_IRQHandler                        0x080001b7   Thumb Code     0  startup_stm32f407xx.o(.text)
    OTG_FS_WKUP_IRQHandler                   0x080001b7   Thumb Code     0  startup_stm32f407xx.o(.text)
    OTG_HS_EP1_IN_IRQHandler                 0x080001b7   Thumb Code     0  startup_stm32f407xx.o(.text)
    OTG_HS_EP1_OUT_IRQHandler                0x080001b7   Thumb Code     0  startup_stm32f407xx.o(.text)
    OTG_HS_IRQHandler                        0x080001b7   Thumb Code     0  startup_stm32f407xx.o(.text)
    OTG_HS_WKUP_IRQHandler                   0x080001b7   Thumb Code     0  startup_stm32f407xx.o(.text)
    PVD_IRQHandler                           0x080001b7   Thumb Code     0  startup_stm32f407xx.o(.text)
    RCC_IRQHandler                           0x080001b7   Thumb Code     0  startup_stm32f407xx.o(.text)
    RTC_Alarm_IRQHandler                     0x080001b7   Thumb Code     0  startup_stm32f407xx.o(.text)
    RTC_WKUP_IRQHandler                      0x080001b7   Thumb Code     0  startup_stm32f407xx.o(.text)
    SDIO_IRQHandler                          0x080001b7   Thumb Code     0  startup_stm32f407xx.o(.text)
    SPI1_IRQHandler                          0x080001b7   Thumb Code     0  startup_stm32f407xx.o(.text)
    SPI2_IRQHandler                          0x080001b7   Thumb Code     0  startup_stm32f407xx.o(.text)
    SPI3_IRQHandler                          0x080001b7   Thumb Code     0  startup_stm32f407xx.o(.text)
    TAMP_STAMP_IRQHandler                    0x080001b7   Thumb Code     0  startup_stm32f407xx.o(.text)
    TIM1_BRK_TIM9_IRQHandler                 0x080001b7   Thumb Code     0  startup_stm32f407xx.o(.text)
    TIM1_CC_IRQHandler                       0x080001b7   Thumb Code     0  startup_stm32f407xx.o(.text)
    TIM1_TRG_COM_TIM11_IRQHandler            0x080001b7   Thumb Code     0  startup_stm32f407xx.o(.text)
    TIM1_UP_TIM10_IRQHandler                 0x080001b7   Thumb Code     0  startup_stm32f407xx.o(.text)
    TIM2_IRQHandler                          0x080001b7   Thumb Code     0  startup_stm32f407xx.o(.text)
    TIM4_IRQHandler                          0x080001b7   Thumb Code     0  startup_stm32f407xx.o(.text)
    TIM5_IRQHandler                          0x080001b7   Thumb Code     0  startup_stm32f407xx.o(.text)
    TIM6_DAC_IRQHandler                      0x080001b7   Thumb Code     0  startup_stm32f407xx.o(.text)
    TIM7_IRQHandler                          0x080001b7   Thumb Code     0  startup_stm32f407xx.o(.text)
    TIM8_BRK_TIM12_IRQHandler                0x080001b7   Thumb Code     0  startup_stm32f407xx.o(.text)
    TIM8_CC_IRQHandler                       0x080001b7   Thumb Code     0  startup_stm32f407xx.o(.text)
    TIM8_TRG_COM_TIM14_IRQHandler            0x080001b7   Thumb Code     0  startup_stm32f407xx.o(.text)
    TIM8_UP_TIM13_IRQHandler                 0x080001b7   Thumb Code     0  startup_stm32f407xx.o(.text)
    UART4_IRQHandler                         0x080001b7   Thumb Code     0  startup_stm32f407xx.o(.text)
    UART5_IRQHandler                         0x080001b7   Thumb Code     0  startup_stm32f407xx.o(.text)
    USART1_IRQHandler                        0x080001b7   Thumb Code     0  startup_stm32f407xx.o(.text)
    USART2_IRQHandler                        0x080001b7   Thumb Code     0  startup_stm32f407xx.o(.text)
    USART3_IRQHandler                        0x080001b7   Thumb Code     0  startup_stm32f407xx.o(.text)
    USART6_IRQHandler                        0x080001b7   Thumb Code     0  startup_stm32f407xx.o(.text)
    WWDG_IRQHandler                          0x080001b7   Thumb Code     0  startup_stm32f407xx.o(.text)
    __aeabi_uldivmod                         0x080001c1   Thumb Code    98  uldiv.o(.text)
    __aeabi_memset                           0x08000223   Thumb Code    14  memseta.o(.text)
    __aeabi_memset4                          0x08000223   Thumb Code     0  memseta.o(.text)
    __aeabi_memset8                          0x08000223   Thumb Code     0  memseta.o(.text)
    __aeabi_memclr                           0x08000231   Thumb Code     4  memseta.o(.text)
    __aeabi_memclr4                          0x08000231   Thumb Code     0  memseta.o(.text)
    __aeabi_memclr8                          0x08000231   Thumb Code     0  memseta.o(.text)
    _memset$wrapper                          0x08000235   Thumb Code    18  memseta.o(.text)
    __aeabi_dadd                             0x08000247   Thumb Code   322  dadd.o(.text)
    __aeabi_dsub                             0x08000389   Thumb Code     6  dadd.o(.text)
    __aeabi_drsub                            0x0800038f   Thumb Code     6  dadd.o(.text)
    __aeabi_dmul                             0x08000395   Thumb Code   228  dmul.o(.text)
    __aeabi_ddiv                             0x08000479   Thumb Code   222  ddiv.o(.text)
    __aeabi_ui2d                             0x08000557   Thumb Code    26  dfltui.o(.text)
    __aeabi_d2uiz                            0x08000571   Thumb Code    50  dfixui.o(.text)
    __aeabi_uidiv                            0x080005a3   Thumb Code     0  uidiv.o(.text)
    __aeabi_uidivmod                         0x080005a3   Thumb Code    44  uidiv.o(.text)
    __aeabi_llsl                             0x080005cf   Thumb Code    30  llshl.o(.text)
    _ll_shift_l                              0x080005cf   Thumb Code     0  llshl.o(.text)
    __aeabi_llsr                             0x080005ed   Thumb Code    32  llushr.o(.text)
    _ll_ushift_r                             0x080005ed   Thumb Code     0  llushr.o(.text)
    __aeabi_lasr                             0x0800060d   Thumb Code    36  llsshr.o(.text)
    _ll_sshift_r                             0x0800060d   Thumb Code     0  llsshr.o(.text)
    __I$use$fp                               0x08000631   Thumb Code     0  iusefp.o(.text)
    _double_round                            0x08000631   Thumb Code    30  depilogue.o(.text)
    _double_epilogue                         0x0800064f   Thumb Code   156  depilogue.o(.text)
    __scatterload                            0x080006ed   Thumb Code    28  init.o(.text)
    __scatterload_rt2                        0x080006ed   Thumb Code     0  init.o(.text)
    BusFault_Handler                         0x08000711   Thumb Code     2  stm32f4xx_it.o(i.BusFault_Handler)
    DebugMon_Handler                         0x08000713   Thumb Code     2  stm32f4xx_it.o(i.DebugMon_Handler)
    EXTI0_IRQHandler                         0x08000715   Thumb Code     6  stm32f4xx_it.o(i.EXTI0_IRQHandler)
    EXTI15_10_IRQHandler                     0x0800071b   Thumb Code    54  stm32f4xx_it.o(i.EXTI15_10_IRQHandler)
    EXTI1_IRQHandler                         0x08000751   Thumb Code     6  stm32f4xx_it.o(i.EXTI1_IRQHandler)
    EXTI2_IRQHandler                         0x08000757   Thumb Code     6  stm32f4xx_it.o(i.EXTI2_IRQHandler)
    EXTI3_IRQHandler                         0x0800075d   Thumb Code     6  stm32f4xx_it.o(i.EXTI3_IRQHandler)
    EXTI4_IRQHandler                         0x08000763   Thumb Code     6  stm32f4xx_it.o(i.EXTI4_IRQHandler)
    EXTI9_5_IRQHandler                       0x08000769   Thumb Code    40  stm32f4xx_it.o(i.EXTI9_5_IRQHandler)
    Error_Handler                            0x08000791   Thumb Code     4  main.o(i.Error_Handler)
    GetRawMass                               0x08000795   Thumb Code   100  arm.o(i.GetRawMass)
    HAL_Delay                                0x080007f9   Thumb Code    32  stm32f4xx_hal.o(i.HAL_Delay)
    HAL_GPIO_EXTI_Callback                   0x0800081d   Thumb Code   816  main.o(i.HAL_GPIO_EXTI_Callback)
    HAL_GPIO_EXTI_IRQHandler                 0x08000b59   Thumb Code    18  stm32f4xx_hal_gpio.o(i.HAL_GPIO_EXTI_IRQHandler)
    HAL_GPIO_Init                            0x08000b71   Thumb Code   394  stm32f4xx_hal_gpio.o(i.HAL_GPIO_Init)
    HAL_GPIO_ReadPin                         0x08000d29   Thumb Code    10  stm32f4xx_hal_gpio.o(i.HAL_GPIO_ReadPin)
    HAL_GetTick                              0x08000d35   Thumb Code     6  stm32f4xx_hal.o(i.HAL_GetTick)
    HAL_IncTick                              0x08000d41   Thumb Code    12  stm32f4xx_hal.o(i.HAL_IncTick)
    HAL_Init                                 0x08000d51   Thumb Code    48  stm32f4xx_hal.o(i.HAL_Init)
    HAL_InitTick                             0x08000d85   Thumb Code    54  stm32f4xx_hal.o(i.HAL_InitTick)
    HAL_MspInit                              0x08000dc5   Thumb Code    42  stm32f4xx_hal_msp.o(i.HAL_MspInit)
    HAL_NVIC_EnableIRQ                       0x08000df5   Thumb Code    26  stm32f4xx_hal_cortex.o(i.HAL_NVIC_EnableIRQ)
    HAL_NVIC_SetPriority                     0x08000e11   Thumb Code    60  stm32f4xx_hal_cortex.o(i.HAL_NVIC_SetPriority)
    HAL_NVIC_SetPriorityGrouping             0x08000e51   Thumb Code    26  stm32f4xx_hal_cortex.o(i.HAL_NVIC_SetPriorityGrouping)
    HAL_RCC_ClockConfig                      0x08000e75   Thumb Code   288  stm32f4xx_hal_rcc.o(i.HAL_RCC_ClockConfig)
    HAL_RCC_GetPCLK1Freq                     0x08000fa9   Thumb Code    20  stm32f4xx_hal_rcc.o(i.HAL_RCC_GetPCLK1Freq)
    HAL_RCC_GetPCLK2Freq                     0x08000fc9   Thumb Code    20  stm32f4xx_hal_rcc.o(i.HAL_RCC_GetPCLK2Freq)
    HAL_RCC_GetSysClockFreq                  0x08000fe9   Thumb Code    88  stm32f4xx_hal_rcc.o(i.HAL_RCC_GetSysClockFreq)
    HAL_RCC_OscConfig                        0x08001049   Thumb Code   840  stm32f4xx_hal_rcc.o(i.HAL_RCC_OscConfig)
    HAL_SYSTICK_CLKSourceConfig              0x080013a5   Thumb Code    24  stm32f4xx_hal_cortex.o(i.HAL_SYSTICK_CLKSourceConfig)
    HAL_SYSTICK_Config                       0x080013bd   Thumb Code    40  stm32f4xx_hal_cortex.o(i.HAL_SYSTICK_Config)
    HAL_TIMEx_BreakCallback                  0x080013e5   Thumb Code     2  stm32f4xx_hal_tim_ex.o(i.HAL_TIMEx_BreakCallback)
    HAL_TIMEx_CommutCallback                 0x080013e7   Thumb Code     2  stm32f4xx_hal_tim_ex.o(i.HAL_TIMEx_CommutCallback)
    HAL_TIMEx_MasterConfigSynchronization    0x080013e9   Thumb Code   116  stm32f4xx_hal_tim_ex.o(i.HAL_TIMEx_MasterConfigSynchronization)
    HAL_TIM_Base_Init                        0x08001479   Thumb Code    54  stm32f4xx_hal_tim.o(i.HAL_TIM_Base_Init)
    HAL_TIM_Base_MspInit                     0x080014b1   Thumb Code    50  tim.o(i.HAL_TIM_Base_MspInit)
    HAL_TIM_Base_Start_IT                    0x080014ed   Thumb Code    34  stm32f4xx_hal_tim.o(i.HAL_TIM_Base_Start_IT)
    HAL_TIM_Base_Stop_IT                     0x0800150f   Thumb Code    42  stm32f4xx_hal_tim.o(i.HAL_TIM_Base_Stop_IT)
    HAL_TIM_ConfigClockSource                0x08001539   Thumb Code   214  stm32f4xx_hal_tim.o(i.HAL_TIM_ConfigClockSource)
    HAL_TIM_IC_CaptureCallback               0x0800160f   Thumb Code     2  stm32f4xx_hal_tim.o(i.HAL_TIM_IC_CaptureCallback)
    HAL_TIM_IRQHandler                       0x08001611   Thumb Code   358  stm32f4xx_hal_tim.o(i.HAL_TIM_IRQHandler)
    HAL_TIM_OC_DelayElapsedCallback          0x08001777   Thumb Code     2  stm32f4xx_hal_tim.o(i.HAL_TIM_OC_DelayElapsedCallback)
    HAL_TIM_PWM_PulseFinishedCallback        0x08001779   Thumb Code     2  stm32f4xx_hal_tim.o(i.HAL_TIM_PWM_PulseFinishedCallback)
    HAL_TIM_PeriodElapsedCallback            0x0800177d   Thumb Code    98  main.o(i.HAL_TIM_PeriodElapsedCallback)
    HAL_TIM_TriggerCallback                  0x080017ed   Thumb Code     2  stm32f4xx_hal_tim.o(i.HAL_TIM_TriggerCallback)
    HAL_UART_Init                            0x080017ef   Thumb Code    98  stm32f4xx_hal_uart.o(i.HAL_UART_Init)
    HAL_UART_MspInit                         0x08001851   Thumb Code   138  usart.o(i.HAL_UART_MspInit)
    HAL_UART_Transmit                        0x080018ed   Thumb Code   186  stm32f4xx_hal_uart.o(i.HAL_UART_Transmit)
    HardFault_Handler                        0x080019a7   Thumb Code     2  stm32f4xx_it.o(i.HardFault_Handler)
    MX_GPIO_Init                             0x080019a9   Thumb Code   234  gpio.o(i.MX_GPIO_Init)
    MX_TIM3_Init                             0x08001aa5   Thumb Code    96  tim.o(i.MX_TIM3_Init)
    MX_USART1_UART_Init                      0x08001b0d   Thumb Code    48  usart.o(i.MX_USART1_UART_Init)
    MX_USART2_UART_Init                      0x08001b45   Thumb Code    48  usart.o(i.MX_USART2_UART_Init)
    MemManage_Handler                        0x08001b7d   Thumb Code     2  stm32f4xx_it.o(i.MemManage_Handler)
    NMI_Handler                              0x08001b7f   Thumb Code     2  stm32f4xx_it.o(i.NMI_Handler)
    PendSV_Handler                           0x08001b81   Thumb Code     2  stm32f4xx_it.o(i.PendSV_Handler)
    SVC_Handler                              0x08001b83   Thumb Code     2  stm32f4xx_it.o(i.SVC_Handler)
    SysTick_Handler                          0x08001b85   Thumb Code     4  stm32f4xx_it.o(i.SysTick_Handler)
    SystemClock_Config                       0x08001b89   Thumb Code   134  main.o(i.SystemClock_Config)
    SystemInit                               0x08001c19   Thumb Code    22  system_stm32f4xx.o(i.SystemInit)
    TIM3_IRQHandler                          0x08001c35   Thumb Code     6  stm32f4xx_it.o(i.TIM3_IRQHandler)
    TIM_Base_SetConfig                       0x08001c41   Thumb Code   156  stm32f4xx_hal_tim.o(i.TIM_Base_SetConfig)
    TIM_ETR_SetConfig                        0x08001d09   Thumb Code    20  stm32f4xx_hal_tim.o(i.TIM_ETR_SetConfig)
    UsageFault_Handler                       0x08001f01   Thumb Code     2  stm32f4xx_it.o(i.UsageFault_Handler)
    __0snprintf$6                            0x08001f05   Thumb Code    44  printf6.o(i.__0snprintf$6)
    __1snprintf$6                            0x08001f05   Thumb Code     0  printf6.o(i.__0snprintf$6)
    __2snprintf                              0x08001f05   Thumb Code     0  printf6.o(i.__0snprintf$6)
    __0sprintf$6                             0x08001f35   Thumb Code    34  printf6.o(i.__0sprintf$6)
    __1sprintf$6                             0x08001f35   Thumb Code     0  printf6.o(i.__0sprintf$6)
    __2sprintf                               0x08001f35   Thumb Code     0  printf6.o(i.__0sprintf$6)
    __scatterload_copy                       0x08001f7d   Thumb Code    14  handlers.o(i.__scatterload_copy)
    __scatterload_null                       0x08001f8b   Thumb Code     2  handlers.o(i.__scatterload_null)
    __scatterload_zeroinit                   0x08001f8d   Thumb Code    14  handlers.o(i.__scatterload_zeroinit)
    backLineWalking                          0x08002301   Thumb Code   340  mecanum.o(i.backLineWalking)
    backward                                 0x08002455   Thumb Code    52  mecanum.o(i.backward)
    clearValue                               0x08002489   Thumb Code    68  mecanum.o(i.clearValue)
    counterclockwiseRotation                 0x0800250d   Thumb Code    58  mecanum.o(i.counterclockwiseRotation)
    delay_ms                                 0x08002571   Thumb Code   136  delay.o(i.delay_ms)
    forward                                  0x08002601   Thumb Code    52  mecanum.o(i.forward)
    frontTurnBigLeft                         0x08002635   Thumb Code    56  mecanum.o(i.frontTurnBigLeft)
    frontTurnBigRight                        0x0800266d   Thumb Code    56  mecanum.o(i.frontTurnBigRight)
    frontTurnLeft                            0x080026a5   Thumb Code    56  mecanum.o(i.frontTurnLeft)
    frontTurnRight                           0x080026dd   Thumb Code    56  mecanum.o(i.frontTurnRight)
    getBehindLine                            0x08002715   Thumb Code    64  mecanum.o(i.getBehindLine)
    getFrontLine                             0x08002759   Thumb Code    60  mecanum.o(i.getFrontLine)
    getLeftLine                              0x08002799   Thumb Code    60  mecanum.o(i.getLeftLine)
    getRightLine                             0x080027d9   Thumb Code    66  mecanum.o(i.getRightLine)
    leftward                                 0x08002821   Thumb Code    56  mecanum.o(i.leftward)
    leftwardLineWalking                      0x08002859   Thumb Code   344  mecanum.o(i.leftwardLineWalking)
    main                                     0x080029b1   Thumb Code   246  main.o(i.main)
    putRawMassToRoughMachine                 0x08002ab1   Thumb Code   100  arm.o(i.putRawMassToRoughMachine)
    putRawMassToSemiProcess                  0x08002b15   Thumb Code     2  arm.o(i.putRawMassToSemiProcess)
    setSpeedPosition                         0x08002b19   Thumb Code    84  arm.o(i.setSpeedPosition)
    stop                                     0x08002b8d   Thumb Code    54  mecanum.o(i.stop)
    strightLineWalking                       0x08002c09   Thumb Code   340  mecanum.o(i.strightLineWalking)
    tailTurnBigLeft                          0x08002d5d   Thumb Code    56  mecanum.o(i.tailTurnBigLeft)
    tailTurnBigRight                         0x08002d95   Thumb Code    56  mecanum.o(i.tailTurnBigRight)
    tailTurnLeft                             0x08002dcd   Thumb Code    56  mecanum.o(i.tailTurnLeft)
    tailTurnRight                            0x08002e05   Thumb Code    56  mecanum.o(i.tailTurnRight)
    transmit                                 0x08002e3d   Thumb Code   172  mecanum.o(i.transmit)
    turnAroundLowerLeftBigCorner             0x08002f11   Thumb Code    56  mecanum.o(i.turnAroundLowerLeftBigCorner)
    turnAroundLowerLeftCorner                0x08002f49   Thumb Code    56  mecanum.o(i.turnAroundLowerLeftCorner)
    turnAroundLowerRightBigCorner            0x08002f81   Thumb Code    56  mecanum.o(i.turnAroundLowerRightBigCorner)
    turnAroundLowerRightCorner               0x08002fb9   Thumb Code    56  mecanum.o(i.turnAroundLowerRightCorner)
    turnAroundTopLeftBigCorner               0x08002ff1   Thumb Code    56  mecanum.o(i.turnAroundTopLeftBigCorner)
    turnAroundTopLeftCorner                  0x08003029   Thumb Code    56  mecanum.o(i.turnAroundTopLeftCorner)
    turnAroundTopRightBigCorner              0x08003061   Thumb Code    56  mecanum.o(i.turnAroundTopRightBigCorner)
    turnAroundTopRightCorner                 0x08003099   Thumb Code    56  mecanum.o(i.turnAroundTopRightCorner)
    AHBPrescTable                            0x080030d0   Data          16  system_stm32f4xx.o(.constdata)
    APBPrescTable                            0x080030e0   Data           8  system_stm32f4xx.o(.constdata)
    Region$$Table$$Base                      0x080030e8   Number         0  anon$$obj.o(Region$$Table)
    Region$$Table$$Limit                     0x08003108   Number         0  anon$$obj.o(Region$$Table)
    DM_Speed_Position                        0x20000001   Data          10  arm.o(.data)
    state                                    0x2000000b   Data           1  main.o(.data)
    for_x1_val                               0x2000000c   Data           1  main.o(.data)
    for_x2_val                               0x2000000d   Data           1  main.o(.data)
    for_x3_val                               0x2000000e   Data           1  main.o(.data)
    for_x4_val                               0x2000000f   Data           1  main.o(.data)
    beh_x1_val                               0x20000010   Data           1  main.o(.data)
    beh_x2_val                               0x20000011   Data           1  main.o(.data)
    beh_x3_val                               0x20000012   Data           1  main.o(.data)
    beh_x4_val                               0x20000013   Data           1  main.o(.data)
    left_x1_val                              0x20000014   Data           1  main.o(.data)
    left_x2_val                              0x20000015   Data           1  main.o(.data)
    left_x3_val                              0x20000016   Data           1  main.o(.data)
    left_x4_val                              0x20000017   Data           1  main.o(.data)
    right_x1_val                             0x20000018   Data           1  main.o(.data)
    right_x2_val                             0x20000019   Data           1  main.o(.data)
    right_x3_val                             0x2000001a   Data           1  main.o(.data)
    right_x4_val                             0x2000001b   Data           1  main.o(.data)
    uwTickFreq                               0x2000001c   Data           1  stm32f4xx_hal.o(.data)
    uwTickPrio                               0x20000020   Data           4  stm32f4xx_hal.o(.data)
    uwTick                                   0x20000024   Data           4  stm32f4xx_hal.o(.data)
    SystemCoreClock                          0x20000028   Data           4  system_stm32f4xx.o(.data)
    htim3                                    0x2000002c   Data          64  tim.o(.bss)
    huart1                                   0x2000006c   Data          64  usart.o(.bss)
    huart2                                   0x200000ac   Data          64  usart.o(.bss)
    __initial_sp                             0x200004f0   Data           0  startup_stm32f407xx.o(STACK)



==============================================================================

Memory Map of the image

  Image Entry point : 0x08000189

  Load Region LR_IROM1 (Base: 0x08000000, Size: 0x00003134, Max: 0x00100000, ABSOLUTE)

    Execution Region ER_IROM1 (Exec base: 0x08000000, Load base: 0x08000000, Size: 0x00003108, Max: 0x00100000, ABSOLUTE)

    Exec Addr    Load Addr    Size         Type   Attr      Idx    E Section Name        Object

    0x08000000   0x08000000   0x00000188   Data   RO            3    RESET               startup_stm32f407xx.o
    0x08000188   0x08000188   0x00000000   Code   RO         3239  * .ARM.Collect$$$$00000000  mc_w.l(entry.o)
    0x08000188   0x08000188   0x00000004   Code   RO         3517    .ARM.Collect$$$$00000001  mc_w.l(entry2.o)
    0x0800018c   0x0800018c   0x00000004   Code   RO         3520    .ARM.Collect$$$$00000004  mc_w.l(entry5.o)
    0x08000190   0x08000190   0x00000000   Code   RO         3522    .ARM.Collect$$$$00000008  mc_w.l(entry7b.o)
    0x08000190   0x08000190   0x00000000   Code   RO         3524    .ARM.Collect$$$$0000000A  mc_w.l(entry8b.o)
    0x08000190   0x08000190   0x00000008   Code   RO         3525    .ARM.Collect$$$$0000000B  mc_w.l(entry9a.o)
    0x08000198   0x08000198   0x00000000   Code   RO         3527    .ARM.Collect$$$$0000000D  mc_w.l(entry10a.o)
    0x08000198   0x08000198   0x00000000   Code   RO         3529    .ARM.Collect$$$$0000000F  mc_w.l(entry11a.o)
    0x08000198   0x08000198   0x00000004   Code   RO         3518    .ARM.Collect$$$$00002712  mc_w.l(entry2.o)
    0x0800019c   0x0800019c   0x00000024   Code   RO            4    .text               startup_stm32f407xx.o
    0x080001c0   0x080001c0   0x00000062   Code   RO         3242    .text               mc_w.l(uldiv.o)
    0x08000222   0x08000222   0x00000024   Code   RO         3244    .text               mc_w.l(memseta.o)
    0x08000246   0x08000246   0x0000014e   Code   RO         3507    .text               mf_w.l(dadd.o)
    0x08000394   0x08000394   0x000000e4   Code   RO         3509    .text               mf_w.l(dmul.o)
    0x08000478   0x08000478   0x000000de   Code   RO         3511    .text               mf_w.l(ddiv.o)
    0x08000556   0x08000556   0x0000001a   Code   RO         3513    .text               mf_w.l(dfltui.o)
    0x08000570   0x08000570   0x00000032   Code   RO         3515    .text               mf_w.l(dfixui.o)
    0x080005a2   0x080005a2   0x0000002c   Code   RO         3532    .text               mc_w.l(uidiv.o)
    0x080005ce   0x080005ce   0x0000001e   Code   RO         3534    .text               mc_w.l(llshl.o)
    0x080005ec   0x080005ec   0x00000020   Code   RO         3536    .text               mc_w.l(llushr.o)
    0x0800060c   0x0800060c   0x00000024   Code   RO         3538    .text               mc_w.l(llsshr.o)
    0x08000630   0x08000630   0x00000000   Code   RO         3540    .text               mc_w.l(iusefp.o)
    0x08000630   0x08000630   0x000000ba   Code   RO         3541    .text               mf_w.l(depilogue.o)
    0x080006ea   0x080006ea   0x00000002   PAD
    0x080006ec   0x080006ec   0x00000024   Code   RO         3547    .text               mc_w.l(init.o)
    0x08000710   0x08000710   0x00000002   Code   RO          671    i.BusFault_Handler  stm32f4xx_it.o
    0x08000712   0x08000712   0x00000002   Code   RO          672    i.DebugMon_Handler  stm32f4xx_it.o
    0x08000714   0x08000714   0x00000006   Code   RO          673    i.EXTI0_IRQHandler  stm32f4xx_it.o
    0x0800071a   0x0800071a   0x00000036   Code   RO          674    i.EXTI15_10_IRQHandler  stm32f4xx_it.o
    0x08000750   0x08000750   0x00000006   Code   RO          675    i.EXTI1_IRQHandler  stm32f4xx_it.o
    0x08000756   0x08000756   0x00000006   Code   RO          676    i.EXTI2_IRQHandler  stm32f4xx_it.o
    0x0800075c   0x0800075c   0x00000006   Code   RO          677    i.EXTI3_IRQHandler  stm32f4xx_it.o
    0x08000762   0x08000762   0x00000006   Code   RO          678    i.EXTI4_IRQHandler  stm32f4xx_it.o
    0x08000768   0x08000768   0x00000028   Code   RO          679    i.EXTI9_5_IRQHandler  stm32f4xx_it.o
    0x08000790   0x08000790   0x00000004   Code   RO          479    i.Error_Handler     main.o
    0x08000794   0x08000794   0x00000064   Code   RO          431    i.GetRawMass        arm.o
    0x080007f8   0x080007f8   0x00000024   Code   RO         2627    i.HAL_Delay         stm32f4xx_hal.o
    0x0800081c   0x0800081c   0x0000033c   Code   RO          480    i.HAL_GPIO_EXTI_Callback  main.o
    0x08000b58   0x08000b58   0x00000018   Code   RO         2100    i.HAL_GPIO_EXTI_IRQHandler  stm32f4xx_hal_gpio.o
    0x08000b70   0x08000b70   0x000001b8   Code   RO         2101    i.HAL_GPIO_Init     stm32f4xx_hal_gpio.o
    0x08000d28   0x08000d28   0x0000000a   Code   RO         2103    i.HAL_GPIO_ReadPin  stm32f4xx_hal_gpio.o
    0x08000d32   0x08000d32   0x00000002   PAD
    0x08000d34   0x08000d34   0x0000000c   Code   RO         2633    i.HAL_GetTick       stm32f4xx_hal.o
    0x08000d40   0x08000d40   0x00000010   Code   RO         2639    i.HAL_IncTick       stm32f4xx_hal.o
    0x08000d50   0x08000d50   0x00000034   Code   RO         2640    i.HAL_Init          stm32f4xx_hal.o
    0x08000d84   0x08000d84   0x00000040   Code   RO         2641    i.HAL_InitTick      stm32f4xx_hal.o
    0x08000dc4   0x08000dc4   0x00000030   Code   RO          794    i.HAL_MspInit       stm32f4xx_hal_msp.o
    0x08000df4   0x08000df4   0x0000001a   Code   RO         2490    i.HAL_NVIC_EnableIRQ  stm32f4xx_hal_cortex.o
    0x08000e0e   0x08000e0e   0x00000002   PAD
    0x08000e10   0x08000e10   0x00000040   Code   RO         2496    i.HAL_NVIC_SetPriority  stm32f4xx_hal_cortex.o
    0x08000e50   0x08000e50   0x00000024   Code   RO         2497    i.HAL_NVIC_SetPriorityGrouping  stm32f4xx_hal_cortex.o
    0x08000e74   0x08000e74   0x00000134   Code   RO         1747    i.HAL_RCC_ClockConfig  stm32f4xx_hal_rcc.o
    0x08000fa8   0x08000fa8   0x00000020   Code   RO         1754    i.HAL_RCC_GetPCLK1Freq  stm32f4xx_hal_rcc.o
    0x08000fc8   0x08000fc8   0x00000020   Code   RO         1755    i.HAL_RCC_GetPCLK2Freq  stm32f4xx_hal_rcc.o
    0x08000fe8   0x08000fe8   0x00000060   Code   RO         1756    i.HAL_RCC_GetSysClockFreq  stm32f4xx_hal_rcc.o
    0x08001048   0x08001048   0x0000035c   Code   RO         1759    i.HAL_RCC_OscConfig  stm32f4xx_hal_rcc.o
    0x080013a4   0x080013a4   0x00000018   Code   RO         2499    i.HAL_SYSTICK_CLKSourceConfig  stm32f4xx_hal_cortex.o
    0x080013bc   0x080013bc   0x00000028   Code   RO         2501    i.HAL_SYSTICK_Config  stm32f4xx_hal_cortex.o
    0x080013e4   0x080013e4   0x00000002   Code   RO         1495    i.HAL_TIMEx_BreakCallback  stm32f4xx_hal_tim_ex.o
    0x080013e6   0x080013e6   0x00000002   Code   RO         1496    i.HAL_TIMEx_CommutCallback  stm32f4xx_hal_tim_ex.o
    0x080013e8   0x080013e8   0x00000090   Code   RO         1513    i.HAL_TIMEx_MasterConfigSynchronization  stm32f4xx_hal_tim_ex.o
    0x08001478   0x08001478   0x00000036   Code   RO          820    i.HAL_TIM_Base_Init  stm32f4xx_hal_tim.o
    0x080014ae   0x080014ae   0x00000002   PAD
    0x080014b0   0x080014b0   0x0000003c   Code   RO          582    i.HAL_TIM_Base_MspInit  tim.o
    0x080014ec   0x080014ec   0x00000022   Code   RO          825    i.HAL_TIM_Base_Start_IT  stm32f4xx_hal_tim.o
    0x0800150e   0x0800150e   0x0000002a   Code   RO          828    i.HAL_TIM_Base_Stop_IT  stm32f4xx_hal_tim.o
    0x08001538   0x08001538   0x000000d6   Code   RO          829    i.HAL_TIM_ConfigClockSource  stm32f4xx_hal_tim.o
    0x0800160e   0x0800160e   0x00000002   Code   RO          849    i.HAL_TIM_IC_CaptureCallback  stm32f4xx_hal_tim.o
    0x08001610   0x08001610   0x00000166   Code   RO          863    i.HAL_TIM_IRQHandler  stm32f4xx_hal_tim.o
    0x08001776   0x08001776   0x00000002   Code   RO          866    i.HAL_TIM_OC_DelayElapsedCallback  stm32f4xx_hal_tim.o
    0x08001778   0x08001778   0x00000002   Code   RO          893    i.HAL_TIM_PWM_PulseFinishedCallback  stm32f4xx_hal_tim.o
    0x0800177a   0x0800177a   0x00000002   PAD
    0x0800177c   0x0800177c   0x00000070   Code   RO          481    i.HAL_TIM_PeriodElapsedCallback  main.o
    0x080017ec   0x080017ec   0x00000002   Code   RO          906    i.HAL_TIM_TriggerCallback  stm32f4xx_hal_tim.o
    0x080017ee   0x080017ee   0x00000062   Code   RO         2903    i.HAL_UART_Init     stm32f4xx_hal_uart.o
    0x08001850   0x08001850   0x0000009c   Code   RO          624    i.HAL_UART_MspInit  usart.o
    0x080018ec   0x080018ec   0x000000ba   Code   RO         2911    i.HAL_UART_Transmit  stm32f4xx_hal_uart.o
    0x080019a6   0x080019a6   0x00000002   Code   RO          680    i.HardFault_Handler  stm32f4xx_it.o
    0x080019a8   0x080019a8   0x000000fc   Code   RO          545    i.MX_GPIO_Init      gpio.o
    0x08001aa4   0x08001aa4   0x00000068   Code   RO          583    i.MX_TIM3_Init      tim.o
    0x08001b0c   0x08001b0c   0x00000038   Code   RO          625    i.MX_USART1_UART_Init  usart.o
    0x08001b44   0x08001b44   0x00000038   Code   RO          626    i.MX_USART2_UART_Init  usart.o
    0x08001b7c   0x08001b7c   0x00000002   Code   RO          681    i.MemManage_Handler  stm32f4xx_it.o
    0x08001b7e   0x08001b7e   0x00000002   Code   RO          682    i.NMI_Handler       stm32f4xx_it.o
    0x08001b80   0x08001b80   0x00000002   Code   RO          683    i.PendSV_Handler    stm32f4xx_it.o
    0x08001b82   0x08001b82   0x00000002   Code   RO          684    i.SVC_Handler       stm32f4xx_it.o
    0x08001b84   0x08001b84   0x00000004   Code   RO          685    i.SysTick_Handler   stm32f4xx_it.o
    0x08001b88   0x08001b88   0x00000090   Code   RO          483    i.SystemClock_Config  main.o
    0x08001c18   0x08001c18   0x0000001c   Code   RO         3205    i.SystemInit        system_stm32f4xx.o
    0x08001c34   0x08001c34   0x0000000c   Code   RO          686    i.TIM3_IRQHandler   stm32f4xx_it.o
    0x08001c40   0x08001c40   0x000000c8   Code   RO          908    i.TIM_Base_SetConfig  stm32f4xx_hal_tim.o
    0x08001d08   0x08001d08   0x00000014   Code   RO          919    i.TIM_ETR_SetConfig  stm32f4xx_hal_tim.o
    0x08001d1c   0x08001d1c   0x00000010   Code   RO          920    i.TIM_ITRx_SetConfig  stm32f4xx_hal_tim.o
    0x08001d2c   0x08001d2c   0x00000022   Code   RO          926    i.TIM_TI1_ConfigInputStage  stm32f4xx_hal_tim.o
    0x08001d4e   0x08001d4e   0x00000024   Code   RO          928    i.TIM_TI2_ConfigInputStage  stm32f4xx_hal_tim.o
    0x08001d72   0x08001d72   0x00000002   PAD
    0x08001d74   0x08001d74   0x00000128   Code   RO         2929    i.UART_SetConfig    stm32f4xx_hal_uart.o
    0x08001e9c   0x08001e9c   0x00000064   Code   RO         2931    i.UART_WaitOnFlagUntilTimeout  stm32f4xx_hal_uart.o
    0x08001f00   0x08001f00   0x00000002   Code   RO          687    i.UsageFault_Handler  stm32f4xx_it.o
    0x08001f02   0x08001f02   0x00000002   PAD
    0x08001f04   0x08001f04   0x00000030   Code   RO         3402    i.__0snprintf$6     mc_w.l(printf6.o)
    0x08001f34   0x08001f34   0x00000028   Code   RO         3403    i.__0sprintf$6      mc_w.l(printf6.o)
    0x08001f5c   0x08001f5c   0x00000020   Code   RO         2503    i.__NVIC_SetPriority  stm32f4xx_hal_cortex.o
    0x08001f7c   0x08001f7c   0x0000000e   Code   RO         3551    i.__scatterload_copy  mc_w.l(handlers.o)
    0x08001f8a   0x08001f8a   0x00000002   Code   RO         3552    i.__scatterload_null  mc_w.l(handlers.o)
    0x08001f8c   0x08001f8c   0x0000000e   Code   RO         3553    i.__scatterload_zeroinit  mc_w.l(handlers.o)
    0x08001f9a   0x08001f9a   0x00000002   PAD
    0x08001f9c   0x08001f9c   0x000002f0   Code   RO         3408    i._printf_core      mc_w.l(printf6.o)
    0x0800228c   0x0800228c   0x00000024   Code   RO         3409    i._printf_post_padding  mc_w.l(printf6.o)
    0x080022b0   0x080022b0   0x0000002e   Code   RO         3410    i._printf_pre_padding  mc_w.l(printf6.o)
    0x080022de   0x080022de   0x00000016   Code   RO         3411    i._snputc           mc_w.l(printf6.o)
    0x080022f4   0x080022f4   0x0000000a   Code   RO         3412    i._sputc            mc_w.l(printf6.o)
    0x080022fe   0x080022fe   0x00000002   PAD
    0x08002300   0x08002300   0x00000154   Code   RO           13    i.backLineWalking   mecanum.o
    0x08002454   0x08002454   0x00000034   Code   RO           14    i.backward          mecanum.o
    0x08002488   0x08002488   0x00000084   Code   RO           15    i.clearValue        mecanum.o
    0x0800250c   0x0800250c   0x0000003a   Code   RO           17    i.counterclockwiseRotation  mecanum.o
    0x08002546   0x08002546   0x00000002   PAD
    0x08002548   0x08002548   0x00000028   Code   RO          389    i.delay_Init        delay.o
    0x08002570   0x08002570   0x00000090   Code   RO          390    i.delay_ms          delay.o
    0x08002600   0x08002600   0x00000034   Code   RO           18    i.forward           mecanum.o
    0x08002634   0x08002634   0x00000038   Code   RO           19    i.frontTurnBigLeft  mecanum.o
    0x0800266c   0x0800266c   0x00000038   Code   RO           20    i.frontTurnBigRight  mecanum.o
    0x080026a4   0x080026a4   0x00000038   Code   RO           21    i.frontTurnLeft     mecanum.o
    0x080026dc   0x080026dc   0x00000038   Code   RO           22    i.frontTurnRight    mecanum.o
    0x08002714   0x08002714   0x00000044   Code   RO           23    i.getBehindLine     mecanum.o
    0x08002758   0x08002758   0x00000040   Code   RO           24    i.getFrontLine      mecanum.o
    0x08002798   0x08002798   0x00000040   Code   RO           25    i.getLeftLine       mecanum.o
    0x080027d8   0x080027d8   0x00000048   Code   RO           26    i.getRightLine      mecanum.o
    0x08002820   0x08002820   0x00000038   Code   RO           27    i.leftward          mecanum.o
    0x08002858   0x08002858   0x00000158   Code   RO           28    i.leftwardLineWalking  mecanum.o
    0x080029b0   0x080029b0   0x00000100   Code   RO          485    i.main              main.o
    0x08002ab0   0x08002ab0   0x00000064   Code   RO          432    i.putRawMassToRoughMachine  arm.o
    0x08002b14   0x08002b14   0x00000002   Code   RO          433    i.putRawMassToSemiProcess  arm.o
    0x08002b16   0x08002b16   0x00000002   PAD
    0x08002b18   0x08002b18   0x00000074   Code   RO          434    i.setSpeedPosition  arm.o
    0x08002b8c   0x08002b8c   0x0000007c   Code   RO           31    i.stop              mecanum.o
    0x08002c08   0x08002c08   0x00000154   Code   RO           32    i.strightLineWalking  mecanum.o
    0x08002d5c   0x08002d5c   0x00000038   Code   RO           33    i.tailTurnBigLeft   mecanum.o
    0x08002d94   0x08002d94   0x00000038   Code   RO           34    i.tailTurnBigRight  mecanum.o
    0x08002dcc   0x08002dcc   0x00000038   Code   RO           35    i.tailTurnLeft      mecanum.o
    0x08002e04   0x08002e04   0x00000038   Code   RO           36    i.tailTurnRight     mecanum.o
    0x08002e3c   0x08002e3c   0x000000d4   Code   RO           37    i.transmit          mecanum.o
    0x08002f10   0x08002f10   0x00000038   Code   RO           38    i.turnAroundLowerLeftBigCorner  mecanum.o
    0x08002f48   0x08002f48   0x00000038   Code   RO           39    i.turnAroundLowerLeftCorner  mecanum.o
    0x08002f80   0x08002f80   0x00000038   Code   RO           40    i.turnAroundLowerRightBigCorner  mecanum.o
    0x08002fb8   0x08002fb8   0x00000038   Code   RO           41    i.turnAroundLowerRightCorner  mecanum.o
    0x08002ff0   0x08002ff0   0x00000038   Code   RO           42    i.turnAroundTopLeftBigCorner  mecanum.o
    0x08003028   0x08003028   0x00000038   Code   RO           43    i.turnAroundTopLeftCorner  mecanum.o
    0x08003060   0x08003060   0x00000038   Code   RO           44    i.turnAroundTopRightBigCorner  mecanum.o
    0x08003098   0x08003098   0x00000038   Code   RO           45    i.turnAroundTopRightCorner  mecanum.o
    0x080030d0   0x080030d0   0x00000010   Data   RO         3206    .constdata          system_stm32f4xx.o
    0x080030e0   0x080030e0   0x00000008   Data   RO         3207    .constdata          system_stm32f4xx.o
    0x080030e8   0x080030e8   0x00000020   Data   RO         3549    Region$$Table       anon$$obj.o


    Execution Region RW_IRAM2 (Exec base: 0x10000000, Load base: 0x08003134, Size: 0x00000000, Max: 0x00010000, ABSOLUTE)

    **** No section assigned to this execution region ****


    Execution Region RW_IRAM1 (Exec base: 0x20000000, Load base: 0x08003108, Size: 0x000004f0, Max: 0x00020000, ABSOLUTE)

    Exec Addr    Load Addr    Size         Type   Attr      Idx    E Section Name        Object

    0x20000000   0x08003108   0x00000001   Data   RW          393    .data               delay.o
    0x20000001   0x08003109   0x0000000a   Data   RW          435    .data               arm.o
    0x2000000b   0x08003113   0x00000011   Data   RW          486    .data               main.o
    0x2000001c   0x08003124   0x0000000c   Data   RW         2647    .data               stm32f4xx_hal.o
    0x20000028   0x08003130   0x00000004   Data   RW         3208    .data               system_stm32f4xx.o
    0x2000002c        -       0x00000040   Zero   RW          584    .bss                tim.o
    0x2000006c        -       0x00000080   Zero   RW          627    .bss                usart.o
    0x200000ec   0x08003134   0x00000004   PAD
    0x200000f0        -       0x00000400   Zero   RW            1    STACK               startup_stm32f407xx.o


==============================================================================

Image component sizes


      Code (inc. data)   RO Data    RW Data    ZI Data      Debug   Object Name

       318         32          0         10          0       2929   arm.o
       184         14          0          1          0       1527   delay.o
       252         18          0          0          0       1095   gpio.o
      1344         62          0         17          0       5193   main.o
      2874        192          0          0          0     705403   mecanum.o
        36          8        392          0       1024        876   startup_stm32f407xx.o
       180         28          0         12          0       9721   stm32f4xx_hal.o
       222         14          0          0          0      34869   stm32f4xx_hal_cortex.o
       474         52          0          0          0       3182   stm32f4xx_hal_gpio.o
        48          6          0          0          0        934   stm32f4xx_hal_msp.o
      1328         72          0          0          0       5460   stm32f4xx_hal_rcc.o
      1016         44          0          0          0      11208   stm32f4xx_hal_tim.o
       148         28          0          0          0       2609   stm32f4xx_hal_tim_ex.o
       680         10          0          0          0       4312   stm32f4xx_hal_uart.o
       156          6          0          0          0       8667   stm32f4xx_it.o
        28          6         24          4          0       1275   system_stm32f4xx.o
       164         18          0          0         64       1850   tim.o
       268         34          0          0        128       2599   usart.o

    ----------------------------------------------------------------------
      9736        644        448         44       1220     803709   Object Totals
         0          0         32          0          0          0   (incl. Generated)
        16          0          0          0          4          0   (incl. Padding)

    ----------------------------------------------------------------------

      Code (inc. data)   RO Data    RW Data    ZI Data      Debug   Library Member Name

         0          0          0          0          0          0   entry.o
         0          0          0          0          0          0   entry10a.o
         0          0          0          0          0          0   entry11a.o
         8          4          0          0          0          0   entry2.o
         4          0          0          0          0          0   entry5.o
         0          0          0          0          0          0   entry7b.o
         0          0          0          0          0          0   entry8b.o
         8          4          0          0          0          0   entry9a.o
        30          0          0          0          0          0   handlers.o
        36          8          0          0          0         68   init.o
         0          0          0          0          0          0   iusefp.o
        30          0          0          0          0         68   llshl.o
        36          0          0          0          0         68   llsshr.o
        32          0          0          0          0         68   llushr.o
        36          0          0          0          0        108   memseta.o
       954         14          0          0          0        572   printf6.o
        44          0          0          0          0         80   uidiv.o
        98          0          0          0          0         92   uldiv.o
       334          0          0          0          0        148   dadd.o
       222          0          0          0          0        100   ddiv.o
       186          0          0          0          0        176   depilogue.o
        50          0          0          0          0         76   dfixui.o
        26          0          0          0          0         76   dfltui.o
       228          0          0          0          0         96   dmul.o

    ----------------------------------------------------------------------
      2368         30          0          0          0       1796   Library Totals
         6          0          0          0          0          0   (incl. Padding)

    ----------------------------------------------------------------------

      Code (inc. data)   RO Data    RW Data    ZI Data      Debug   Library Name

      1316         30          0          0          0       1124   mc_w.l
      1046          0          0          0          0        672   mf_w.l

    ----------------------------------------------------------------------
      2368         30          0          0          0       1796   Library Totals

    ----------------------------------------------------------------------

==============================================================================


      Code (inc. data)   RO Data    RW Data    ZI Data      Debug   

     12104        674        448         44       1220     794873   Grand Totals
     12104        674        448         44       1220     794873   ELF Image Totals
     12104        674        448         44          0          0   ROM Totals

==============================================================================

    Total RO  Size (Code + RO Data)                12552 (  12.26kB)
    Total RW  Size (RW Data + ZI Data)              1264 (   1.23kB)
    Total ROM Size (Code + RO Data + RW Data)      12596 (  12.30kB)

==============================================================================

